Archive member included to satisfy reference by file (symbol)

C:/ST/STM32CubeIDE_2.0.0/STM32CubeIDE/plugins/com.st.stm32cube.ide.mcu.externaltools.gnu-tools-for-stm32.13.3.rel1.win32_1.0.100.202509120712/tools/bin/../lib/gcc/arm-none-eabi/13.3.1/../../../../arm-none-eabi/lib/thumb/v7-m/nofp\libc_nano.a(libc_a-exit.o)
                              C:/ST/STM32CubeIDE_2.0.0/STM32CubeIDE/plugins/com.st.stm32cube.ide.mcu.externaltools.gnu-tools-for-stm32.13.3.rel1.win32_1.0.100.202509120712/tools/bin/../lib/gcc/arm-none-eabi/13.3.1/../../../../arm-none-eabi/lib/thumb/v7-m/nofp/crt0.o (exit)
C:/ST/STM32CubeIDE_2.0.0/STM32CubeIDE/plugins/com.st.stm32cube.ide.mcu.externaltools.gnu-tools-for-stm32.13.3.rel1.win32_1.0.100.202509120712/tools/bin/../lib/gcc/arm-none-eabi/13.3.1/../../../../arm-none-eabi/lib/thumb/v7-m/nofp\libc_nano.a(libc_a-findfp.o)
                              C:/ST/STM32CubeIDE_2.0.0/STM32CubeIDE/plugins/com.st.stm32cube.ide.mcu.externaltools.gnu-tools-for-stm32.13.3.rel1.win32_1.0.100.202509120712/tools/bin/../lib/gcc/arm-none-eabi/13.3.1/../../../../arm-none-eabi/lib/thumb/v7-m/nofp\libc_nano.a(libc_a-exit.o) (__stdio_exit_handler)
C:/ST/STM32CubeIDE_2.0.0/STM32CubeIDE/plugins/com.st.stm32cube.ide.mcu.externaltools.gnu-tools-for-stm32.13.3.rel1.win32_1.0.100.202509120712/tools/bin/../lib/gcc/arm-none-eabi/13.3.1/../../../../arm-none-eabi/lib/thumb/v7-m/nofp\libc_nano.a(libc_a-fwalk.o)
                              C:/ST/STM32CubeIDE_2.0.0/STM32CubeIDE/plugins/com.st.stm32cube.ide.mcu.externaltools.gnu-tools-for-stm32.13.3.rel1.win32_1.0.100.202509120712/tools/bin/../lib/gcc/arm-none-eabi/13.3.1/../../../../arm-none-eabi/lib/thumb/v7-m/nofp\libc_nano.a(libc_a-findfp.o) (_fwalk_sglue)
C:/ST/STM32CubeIDE_2.0.0/STM32CubeIDE/plugins/com.st.stm32cube.ide.mcu.externaltools.gnu-tools-for-stm32.13.3.rel1.win32_1.0.100.202509120712/tools/bin/../lib/gcc/arm-none-eabi/13.3.1/../../../../arm-none-eabi/lib/thumb/v7-m/nofp\libc_nano.a(libc_a-stdio.o)
                              C:/ST/STM32CubeIDE_2.0.0/STM32CubeIDE/plugins/com.st.stm32cube.ide.mcu.externaltools.gnu-tools-for-stm32.13.3.rel1.win32_1.0.100.202509120712/tools/bin/../lib/gcc/arm-none-eabi/13.3.1/../../../../arm-none-eabi/lib/thumb/v7-m/nofp\libc_nano.a(libc_a-findfp.o) (__sread)
C:/ST/STM32CubeIDE_2.0.0/STM32CubeIDE/plugins/com.st.stm32cube.ide.mcu.externaltools.gnu-tools-for-stm32.13.3.rel1.win32_1.0.100.202509120712/tools/bin/../lib/gcc/arm-none-eabi/13.3.1/../../../../arm-none-eabi/lib/thumb/v7-m/nofp\libc_nano.a(libc_a-memset.o)
                              C:/ST/STM32CubeIDE_2.0.0/STM32CubeIDE/plugins/com.st.stm32cube.ide.mcu.externaltools.gnu-tools-for-stm32.13.3.rel1.win32_1.0.100.202509120712/tools/bin/../lib/gcc/arm-none-eabi/13.3.1/../../../../arm-none-eabi/lib/thumb/v7-m/nofp/crt0.o (memset)
C:/ST/STM32CubeIDE_2.0.0/STM32CubeIDE/plugins/com.st.stm32cube.ide.mcu.externaltools.gnu-tools-for-stm32.13.3.rel1.win32_1.0.100.202509120712/tools/bin/../lib/gcc/arm-none-eabi/13.3.1/../../../../arm-none-eabi/lib/thumb/v7-m/nofp\libc_nano.a(libc_a-closer.o)
                              C:/ST/STM32CubeIDE_2.0.0/STM32CubeIDE/plugins/com.st.stm32cube.ide.mcu.externaltools.gnu-tools-for-stm32.13.3.rel1.win32_1.0.100.202509120712/tools/bin/../lib/gcc/arm-none-eabi/13.3.1/../../../../arm-none-eabi/lib/thumb/v7-m/nofp\libc_nano.a(libc_a-stdio.o) (_close_r)
C:/ST/STM32CubeIDE_2.0.0/STM32CubeIDE/plugins/com.st.stm32cube.ide.mcu.externaltools.gnu-tools-for-stm32.13.3.rel1.win32_1.0.100.202509120712/tools/bin/../lib/gcc/arm-none-eabi/13.3.1/../../../../arm-none-eabi/lib/thumb/v7-m/nofp\libc_nano.a(libc_a-reent.o)
                              C:/ST/STM32CubeIDE_2.0.0/STM32CubeIDE/plugins/com.st.stm32cube.ide.mcu.externaltools.gnu-tools-for-stm32.13.3.rel1.win32_1.0.100.202509120712/tools/bin/../lib/gcc/arm-none-eabi/13.3.1/../../../../arm-none-eabi/lib/thumb/v7-m/nofp\libc_nano.a(libc_a-closer.o) (errno)
C:/ST/STM32CubeIDE_2.0.0/STM32CubeIDE/plugins/com.st.stm32cube.ide.mcu.externaltools.gnu-tools-for-stm32.13.3.rel1.win32_1.0.100.202509120712/tools/bin/../lib/gcc/arm-none-eabi/13.3.1/../../../../arm-none-eabi/lib/thumb/v7-m/nofp\libc_nano.a(libc_a-impure.o)
                              C:/ST/STM32CubeIDE_2.0.0/STM32CubeIDE/plugins/com.st.stm32cube.ide.mcu.externaltools.gnu-tools-for-stm32.13.3.rel1.win32_1.0.100.202509120712/tools/bin/../lib/gcc/arm-none-eabi/13.3.1/../../../../arm-none-eabi/lib/thumb/v7-m/nofp\libc_nano.a(libc_a-reent.o) (_impure_ptr)
C:/ST/STM32CubeIDE_2.0.0/STM32CubeIDE/plugins/com.st.stm32cube.ide.mcu.externaltools.gnu-tools-for-stm32.13.3.rel1.win32_1.0.100.202509120712/tools/bin/../lib/gcc/arm-none-eabi/13.3.1/../../../../arm-none-eabi/lib/thumb/v7-m/nofp\libc_nano.a(libc_a-lseekr.o)
[...]
Memory Configuration

Name             Origin             Length             Attributes
RAM              0x20000000         0x00005000         xrw
FLASH            0x08000000         0x00020000         xr
*default*        0x00000000         0xffffffff

Linker script and memory map

LOAD C:/ST/STM32CubeIDE_2.0.0/STM32CubeIDE/plugins/com.st.stm32cube.ide.mcu.externaltools.gnu-tools-for-stm32.13.3.rel1.win32_1.0.100.202509120712/tools/bin/../lib/gcc/arm-none-eabi/13.3.1/thumb/v7-m/nofp/crti.o
LOAD C:/ST/STM32CubeIDE_2.0.0/STM32CubeIDE/plugins/com.st.stm32cube.ide.mcu.externaltools.gnu-tools-for-stm32.13.3.rel1.win32_1.0.100.202509120712/tools/bin/../lib/gcc/arm-none-eabi/13.3.1/thumb/v7-m/nofp/crtbegin.o
LOAD C:/ST/STM32CubeIDE_2.0.0/STM32CubeIDE/plugins/com.st.stm32cube.ide.mcu.externaltools.gnu-tools-for-stm32.13.3.rel1.win32_1.0.100.202509120712/tools/bin/../lib/gcc/arm-none-eabi/13.3.1/../../../../arm-none-eabi/lib/thumb/v7-m/nofp/crt0.o
LOAD ./Core/Src/main.o
LOAD ./Core/Src/stm32f1xx_hal_msp.o
LOAD ./Core/Src/stm32f1xx_hal_timebase_tim.o
LOAD ./Core/Src/stm32f1xx_it.o
LOAD ./Core/Src/syscalls.o
LOAD ./Core/Src/sysmem.o
LOAD ./Core/Src/system_stm32f1xx.o
LOAD ./Core/Startup/startup_stm32f103rbtx.o
LOAD ./Drivers/STM32F1xx_HAL_Driver/Src/stm32f1xx_hal.o
LOAD ./Drivers/STM32F1xx_HAL_Driver/Src/stm32f1xx_hal_can.o
LOAD ./Drivers/STM32F1xx_HAL_Driver/Src/stm32f1xx_hal_cortex.o
LOAD ./Drivers/STM32F1xx_HAL_Driver/Src/stm32f1xx_hal_dma.o
LOAD ./Drivers/STM32F1xx_HAL_Driver/Src/stm32f1xx_hal_exti.o
LOAD ./Drivers/STM32F1xx_HAL_Driver/Src/stm32f1xx_hal_flash.o
LOAD ./Drivers/STM32F1xx_HAL_Driver/Src/stm32f1xx_hal_flash_ex.o
LOAD ./Drivers/STM32F1xx_HAL_Driver/Src/stm32f1xx_hal_gpio.o
LOAD ./Drivers/STM32F1xx_HAL_Driver/Src/stm32f1xx_hal_gpio_ex.o
LOAD ./Drivers/STM32F1xx_HAL_Driver/Src/stm32f1xx_hal_pwr.o
LOAD ./Drivers/STM32F1xx_HAL_Driver/Src/stm32f1xx_hal_rcc.o
LOAD ./Drivers/STM32F1xx_HAL_Driver/Src/stm32f1xx_hal_rcc_ex.o
LOAD ./Drivers/STM32F1xx_HAL_Driver/Src/stm32f1xx_hal_tim.o
LOAD ./Drivers/STM32F1xx_HAL_Driver/Src/stm32f1xx_hal_tim_ex.o
LOAD ./ThirdParty/FreeRTOS/croutine.o
LOAD ./ThirdParty/FreeRTOS/event_groups.o
LOAD ./ThirdParty/FreeRTOS/list.o
LOAD ./ThirdParty/FreeRTOS/stream_buffer.o
LOAD ./ThirdParty/FreeRTOS/tasks.o
LOAD ./ThirdParty/FreeRTOS/timers.o
LOAD ./ThirdParty/FreeRTOS/portable/GCC/ARM_CM3/port.o
LOAD ./ThirdParty/FreeRTOS/portable/MemMang/heap_4.o
LOAD ./User/Src/can_handler.o
LOAD ./User/Src/guidance_task.o
LOAD ./User/Src/sensor_task.o
START GROUP
LOAD C:/ST/STM32CubeIDE_2.0.0/STM32CubeIDE/plugins/com.st.stm32cube.ide.mcu.externaltools.gnu-tools-for-stm32.13.3.rel1.win32_1.0.100.202509120712/tools/bin/../lib/gcc/arm-none-eabi/13.3.1/../../../../arm-none-eabi/lib/thumb/v7-m/nofp\libc_nano.a
LOAD C:/ST/STM32CubeIDE_2.0.0/STM32CubeIDE/plugins/com.st.stm32cube.ide.mcu.externaltools.gnu-tools-for-stm32.13.3.rel1.win32_1.0.100.202509120712/tools/bin/../lib/gcc/arm-none-eabi/13.3.1/../../../../arm-none-eabi/lib/thumb/v7-m/nofp\libm.a
END GROUP
START GROUP
LOAD C:/ST/STM32CubeIDE_2.0.0/STM32CubeIDE/plugins/com.st.stm32cube.ide.mcu.externaltools.gnu-tools-for-stm32.13.3.rel1.win32_1.0.100.202509120712/tools/bin/../lib/gcc/arm-none-eabi/13.3.1/thumb/v7-m/nofp\libgcc.a
LOAD C:/ST/STM32CubeIDE_2.0.0/STM32CubeIDE/plugins/com.st.stm32cube.ide.mcu.externaltools.gnu-tools-for-stm32.13.3.rel1.win32_1.0.100.202509120712/tools/bin/../lib/gcc/arm-none-eabi/13.3.1/../../../../arm-none-eabi/lib/thumb/v7-m/nofp\libc_nano.a
END GROUP
START GROUP
LOAD C:/ST/STM32CubeIDE_2.0.0/STM32CubeIDE/plugins/com.st.stm32cube.ide.mcu.externaltools.gnu-tools-for-stm32.13.3.rel1.win32_1.0.100.202509120712/tools/bin/../lib/gcc/arm-none-eabi/13.3.1/thumb/v7-m/nofp\libgcc.a
LOAD C:/ST/STM32CubeIDE_2.0.0/STM32CubeIDE/plugins/com.st.stm32cube.ide.mcu.externaltools.gnu-tools-for-stm32.13.3.rel1.win32_1.0.100.202509120712/tools/bin/../lib/gcc/arm-none-eabi/13.3.1/../../../../arm-none-eabi/lib/thumb/v7-m/nofp\libc_nano.a
LOAD C:/ST/STM32CubeIDE_2.0.0/STM32CubeIDE/plugins/com.st.stm32cube.ide.mcu.externaltools.gnu-tools-for-stm32.13.3.rel1.win32_1.0.100.202509120712/tools/bin/../lib/gcc/arm-none-eabi/13.3.1/../../../../arm-none-eabi/lib/thumb/v7-m/nofp\libnosys.a
END GROUP
START GROUP
LOAD C:/ST/STM32CubeIDE_2.0.0/STM32CubeIDE/plugins/com.st.stm32cube.ide.mcu.externaltools.gnu-tools-for-stm32.13.3.rel1.win32_1.0.100.202509120712/tools/bin/../lib/gcc/arm-none-eabi/13.3.1/thumb/v7-m/nofp\libgcc.a
LOAD C:/ST/STM32CubeIDE_2.0.0/STM32CubeIDE/plugins/com.st.stm32cube.ide.mcu.externaltools.gnu-tools-for-stm32.13.3.rel1.win32_1.0.100.202509120712/tools/bin/../lib/gcc/arm-none-eabi/13.3.1/../../../../arm-none-eabi/lib/thumb/v7-m/nofp\libc_nano.a
LOAD C:/ST/STM32CubeIDE_2.0.0/STM32CubeIDE/plugins/com.st.stm32cube.ide.mcu.externaltools.gnu-tools-for-stm32.13.3.rel1.win32_1.0.100.202509120712/tools/bin/../lib/gcc/arm-none-eabi/13.3.1/../../../../arm-none-eabi/lib/thumb/v7-m/nofp\libnosys.a
END GROUP
LOAD C:/ST/STM32CubeIDE_2.0.0/STM32CubeIDE/plugins/com.st.stm32cube.ide.mcu.externaltools.gnu-tools-for-stm32.13.3.rel1.win32_1.0.100.202509120712/tools/bin/../lib/gcc/arm-none-eabi/13.3.1/thumb/v7-m/nofp/crtend.o
LOAD C:/ST/STM32CubeIDE_2.0.0/STM32CubeIDE/plugins/com.st.stm32cube.ide.mcu.externaltools.gnu-tools-for-stm32.13.3.rel1.win32_1.0.100.202509120712/tools/bin/../lib/gcc/arm-none-eabi/13.3.1/thumb/v7-m/nofp/crtn.o
                0x20005000                        _estack = (ORIGIN (RAM) + LENGTH (RAM))
                0x00000200                        _Min_Heap_Size = 0x200
                0x00000400                        _Min_Stack_Size = 0x400

.isr_vector     0x08000000      0x10c
                0x08000000                        . = ALIGN (0x4)
 *(.isr_vector)
 .isr_vector    0x08000000      0x10c ./Core/Startup/startup_stm32f103rbtx.o
                0x08000000                g_pfnVectors
                0x0800010c                        . = ALIGN (0x4)

.text           0x0800010c     0x569c
                0x0800010c                        . = ALIGN (0x4)
 *(.text)
 .text          0x0800010c       0x40 C:/ST/STM32CubeIDE_2.0.0/STM32CubeIDE/plugins/com.st.stm32cube.ide.mcu.externaltools.gnu-tools-for-stm32.13.3.rel1.win32_1.0.100.202509120712/tools/bin/../lib/gcc/arm-none-eabi/13.3.1/thumb/v7-m/nofp/crtbegin.o
 *(.text*)
 .text.main     0x0800014c       0x78 ./Core/Src/main.o
                0x0800014c                main
 .text.SystemClock_Config
                0x080001c4       0x82 ./Core/Src/main.o
                0x080001c4                SystemClock_Config
 *fill*         0x08000246        0x2 
 .text.MX_CAN_Init
                0x08000248       0x70 ./Core/Src/main.o
 .text.MX_TIM1_Init
                0x080002b8      0x140 ./Core/Src/main.o
 .text.MX_TIM3_Init
                0x080003f8       0xec ./Core/Src/main.o
 .text.MX_TIM4_Init
                0x080004e4      0x134 ./Core/Src/main.o
 .text.MX_GPIO_Init
                0x08000618      0x120 ./Core/Src/main.o
 .text.HAL_TIM_PeriodElapsedCallback
                0x08000738       0x1e ./Core/Src/main.o
                0x08000738                HAL_TIM_PeriodElapsedCallback
 .text.Error_Handler
                0x08000756        0xc ./Core/Src/main.o
                0x08000756                Error_Handler
 *fill*         0x08000762        0x2 
 .text.HAL_MspInit
                0x08000764       0x64 ./Core/Src/stm32f1xx_hal_msp.o
                0x08000764                HAL_MspInit
 .text.HAL_CAN_MspInit
                0x080007c8       0xa8 ./Core/Src/stm32f1xx_hal_msp.o
                0x080007c8                HAL_CAN_MspInit
 .text.HAL_TIM_Base_MspInit
                0x08000870       0xdc ./Core/Src/stm32f1xx_hal_msp.o
                0x08000870                HAL_TIM_Base_MspInit
 .text.HAL_TIM_MspPostInit
                0x0800094c       0xa8 ./Core/Src/stm32f1xx_hal_msp.o
                0x0800094c                HAL_TIM_MspPostInit
 .text.HAL_InitTick
                0x080009f4       0xf8 ./Core/Src/stm32f1xx_hal_timebase_tim.o
                0x080009f4                HAL_InitTick
 .text.NMI_Handler
                0x08000aec        0x8 ./Core/Src/stm32f1xx_it.o
                0x08000aec                NMI_Handler
 .text.HardFault_Handler
                0x08000af4        0x8 ./Core/Src/stm32f1xx_it.o
                0x08000af4                HardFault_Handler
 .text.MemManage_Handler
                0x08000afc        0x8 ./Core/Src/stm32f1xx_it.o
                0x08000afc                MemManage_Handler
 .text.BusFault_Handler
                0x08000b04        0x8 ./Core/Src/stm32f1xx_it.o
                0x08000b04                BusFault_Handler
 .text.UsageFault_Handler
                0x08000b0c        0x8 ./Core/Src/stm32f1xx_it.o
                0x08000b0c                UsageFault_Handler
 .text.DebugMon_Handler
                0x08000b14        0xc ./Core/Src/stm32f1xx_it.o
                0x08000b14                DebugMon_Handler
 .text.CAN1_RX1_IRQHandler
                0x08000b20       0x14 ./Core/Src/stm32f1xx_it.o
                0x08000b20                CAN1_RX1_IRQHandler
 .text.TIM2_IRQHandler
                0x08000b34       0x14 ./Core/Src/stm32f1xx_it.o
                0x08000b34                TIM2_IRQHandler
 .text.TIM4_IRQHandler
                0x08000b48       0x14 ./Core/Src/stm32f1xx_it.o
                0x08000b48                TIM4_IRQHandler
 .text.EXTI15_10_IRQHandler
                0x08000b5c       0x10 ./Core/Src/stm32f1xx_it.o
                0x08000b5c                EXTI15_10_IRQHandler
 .text.SystemInit
                0x08000b6c        0xc ./Core/Src/system_stm32f1xx.o
                0x08000b6c                SystemInit
 .text.Reset_Handler
                0x08000b78       0x48 ./Core/Startup/startup_stm32f103rbtx.o
                0x08000b78                Reset_Handler
 .text.Default_Handler
                0x08000bc0        0x2 ./Core/Startup/startup_stm32f103rbtx.o
                0x08000bc0                RTC_Alarm_IRQHandler
                0x08000bc0                EXTI2_IRQHandler
                0x08000bc0                TIM1_CC_IRQHandler
                0x08000bc0                PVD_IRQHandler
                0x08000bc0                EXTI3_IRQHandler
                0x08000bc0                EXTI0_IRQHandler
                0x08000bc0                I2C2_EV_IRQHandler
                0x08000bc0                ADC1_2_IRQHandler
                0x08000bc0                SPI1_IRQHandler
                0x08000bc0                TAMPER_IRQHandler
                0x08000bc0                DMA1_Channel4_IRQHandler
                0x08000bc0                USART3_IRQHandler
                0x08000bc0                RTC_IRQHandler
                0x08000bc0                DMA1_Channel7_IRQHandler
                0x08000bc0                I2C1_EV_IRQHandler
                0x08000bc0                DMA1_Channel6_IRQHandler
                0x08000bc0                TIM3_IRQHandler
                0x08000bc0                RCC_IRQHandler
                0x08000bc0                TIM1_TRG_COM_IRQHandler
                0x08000bc0                DMA1_Channel1_IRQHandler
                0x08000bc0                Default_Handler
                0x08000bc0                EXTI9_5_IRQHandler
                0x08000bc0                SPI2_IRQHandler
                0x08000bc0                DMA1_Channel5_IRQHandler
                0x08000bc0                EXTI4_IRQHandler
                0x08000bc0                USB_LP_CAN1_RX0_IRQHandler
                0x08000bc0                USB_HP_CAN1_TX_IRQHandler
                0x08000bc0                DMA1_Channel3_IRQHandler
                0x08000bc0                TIM1_UP_IRQHandler
                0x08000bc0                WWDG_IRQHandler
                0x08000bc0                TIM1_BRK_IRQHandler
                0x08000bc0                EXTI1_IRQHandler
                0x08000bc0                USART2_IRQHandler
                0x08000bc0                I2C2_ER_IRQHandler
                0x08000bc0                DMA1_Channel2_IRQHandler
                0x08000bc0                CAN1_SCE_IRQHandler
                0x08000bc0                FLASH_IRQHandler
                0x08000bc0                USART1_IRQHandler
                0x08000bc0                I2C1_ER_IRQHandler
                0x08000bc0                USBWakeUp_IRQHandler
 *fill*         0x08000bc2        0x2 
 .text.HAL_Init
                0x08000bc4       0x2c ./Drivers/STM32F1xx_HAL_Driver/Src/stm32f1xx_hal.o
                0x08000bc4                HAL_Init
 .text.HAL_IncTick
                0x08000bf0       0x24 ./Drivers/STM32F1xx_HAL_Driver/Src/stm32f1xx_hal.o
                0x08000bf0                HAL_IncTick
 .text.HAL_GetTick
                0x08000c14       0x14 ./Drivers/STM32F1xx_HAL_Driver/Src/stm32f1xx_hal.o
                0x08000c14                HAL_GetTick
 .text.HAL_CAN_Init
                0x08000c28      0x1f6 ./Drivers/STM32F1xx_HAL_Driver/Src/stm32f1xx_hal_can.o
                0x08000c28                HAL_CAN_Init
 .text.HAL_CAN_AddTxMessage
                0x08000e1e      0x19e ./Drivers/STM32F1xx_HAL_Driver/Src/stm32f1xx_hal_can.o
                0x08000e1e                HAL_CAN_AddTxMessage
 .text.HAL_CAN_IRQHandler
                0x08000fbc      0x36e ./Drivers/STM32F1xx_HAL_Driver/Src/stm32f1xx_hal_can.o
                0x08000fbc                HAL_CAN_IRQHandler
 .text.HAL_CAN_TxMailbox0CompleteCallback
                0x0800132a       0x12 ./Drivers/STM32F1xx_HAL_Driver/Src/stm32f1xx_hal_can.o
                0x0800132a                HAL_CAN_TxMailbox0CompleteCallback
 .text.HAL_CAN_TxMailbox1CompleteCallback
                0x0800133c       0x12 ./Drivers/STM32F1xx_HAL_Driver/Src/stm32f1xx_hal_can.o
                0x0800133c                HAL_CAN_TxMailbox1CompleteCallback
 .text.HAL_CAN_TxMailbox2CompleteCallback
                0x0800134e       0x12 ./Drivers/STM32F1xx_HAL_Driver/Src/stm32f1xx_hal_can.o
                0x0800134e                HAL_CAN_TxMailbox2CompleteCallback
 .text.HAL_CAN_TxMailbox0AbortCallback
                0x08001360       0x12 ./Drivers/STM32F1xx_HAL_Driver/Src/stm32f1xx_hal_can.o
                0x08001360                HAL_CAN_TxMailbox0AbortCallback
 .text.HAL_CAN_TxMailbox1AbortCallback
                0x08001372       0x12 ./Drivers/STM32F1xx_HAL_Driver/Src/stm32f1xx_hal_can.o
                0x08001372                HAL_CAN_TxMailbox1AbortCallback
 .text.HAL_CAN_TxMailbox2AbortCallback
                0x08001384       0x12 ./Drivers/STM32F1xx_HAL_Driver/Src/stm32f1xx_hal_can.o
                0x08001384                HAL_CAN_TxMailbox2AbortCallback
 .text.HAL_CAN_RxFifo0MsgPendingCallback
                0x08001396       0x12 ./Drivers/STM32F1xx_HAL_Driver/Src/stm32f1xx_hal_can.o
                0x08001396                HAL_CAN_RxFifo0MsgPendingCallback
 .text.HAL_CAN_RxFifo0FullCallback
                0x080013a8       0x12 ./Drivers/STM32F1xx_HAL_Driver/Src/stm32f1xx_hal_can.o
                0x080013a8                HAL_CAN_RxFifo0FullCallback
 .text.HAL_CAN_RxFifo1MsgPendingCallback
                0x080013ba       0x12 ./Drivers/STM32F1xx_HAL_Driver/Src/stm32f1xx_hal_can.o
                0x080013ba                HAL_CAN_RxFifo1MsgPendingCallback
 .text.HAL_CAN_RxFifo1FullCallback
                0x080013cc       0x12 ./Drivers/STM32F1xx_HAL_Driver/Src/stm32f1xx_hal_can.o
                0x080013cc                HAL_CAN_RxFifo1FullCallback
 .text.HAL_CAN_SleepCallback
                0x080013de       0x12 ./Drivers/STM32F1xx_HAL_Driver/Src/stm32f1xx_hal_can.o
                0x080013de                HAL_CAN_SleepCallback
 .text.HAL_CAN_WakeUpFromRxMsgCallback
                0x080013f0       0x12 ./Drivers/STM32F1xx_HAL_Driver/Src/stm32f1xx_hal_can.o
                0x080013f0                HAL_CAN_WakeUpFromRxMsgCallback
 .text.HAL_CAN_ErrorCallback
                0x08001402       0x12 ./Drivers/STM32F1xx_HAL_Driver/Src/stm32f1xx_hal_can.o
                0x08001402                HAL_CAN_ErrorCallback
 .text.__NVIC_SetPriorityGrouping
                0x08001414       0x48 ./Drivers/STM32F1xx_HAL_Driver/Src/stm32f1xx_hal_cortex.o
 .text.__NVIC_GetPriorityGrouping
                0x0800145c       0x1c ./Drivers/STM32F1xx_HAL_Driver/Src/stm32f1xx_hal_cortex.o
 .text.__NVIC_EnableIRQ
                0x08001478       0x38 ./Drivers/STM32F1xx_HAL_Driver/Src/stm32f1xx_hal_cortex.o
 .text.__NVIC_SetPriority
                0x080014b0       0x54 ./Drivers/STM32F1xx_HAL_Driver/Src/stm32f1xx_hal_cortex.o
 .text.NVIC_EncodePriority
                0x08001504       0x64 ./Drivers/STM32F1xx_HAL_Driver/Src/stm32f1xx_hal_cortex.o
 .text.HAL_NVIC_SetPriorityGrouping
                0x08001568       0x16 ./Drivers/STM32F1xx_HAL_Driver/Src/stm32f1xx_hal_cortex.o
                0x08001568                HAL_NVIC_SetPriorityGrouping
 .text.HAL_NVIC_SetPriority
                0x0800157e       0x38 ./Drivers/STM32F1xx_HAL_Driver/Src/stm32f1xx_hal_cortex.o
                0x0800157e                HAL_NVIC_SetPriority
 .text.HAL_NVIC_EnableIRQ
                0x080015b6       0x1c ./Drivers/STM32F1xx_HAL_Driver/Src/stm32f1xx_hal_cortex.o
                0x080015b6                HAL_NVIC_EnableIRQ
 *fill*         0x080015d2        0x2 
 .text.HAL_GPIO_Init
                0x080015d4      0x308 ./Drivers/STM32F1xx_HAL_Driver/Src/stm32f1xx_hal_gpio.o
                0x080015d4                HAL_GPIO_Init
 .text.HAL_GPIO_WritePin
                0x080018dc       0x30 ./Drivers/STM32F1xx_HAL_Driver/Src/stm32f1xx_hal_gpio.o
                0x080018dc                HAL_GPIO_WritePin
 .text.HAL_GPIO_EXTI_IRQHandler
                0x0800190c       0x30 ./Drivers/STM32F1xx_HAL_Driver/Src/stm32f1xx_hal_gpio.o
                0x0800190c                HAL_GPIO_EXTI_IRQHandler
 .text.HAL_GPIO_EXTI_Callback
                0x0800193c       0x14 ./Drivers/STM32F1xx_HAL_Driver/Src/stm32f1xx_hal_gpio.o
                0x0800193c                HAL_GPIO_EXTI_Callback
 .text.HAL_RCC_OscConfig
                0x08001950      0x504 ./Drivers/STM32F1xx_HAL_Driver/Src/stm32f1xx_hal_rcc.o
                0x08001950                HAL_RCC_OscConfig
 .text.HAL_RCC_ClockConfig
                0x08001e54      0x1d4 ./Drivers/STM32F1xx_HAL_Driver/Src/stm32f1xx_hal_rcc.o
                0x08001e54                HAL_RCC_ClockConfig
 .text.HAL_RCC_GetSysClockFreq
                0x08002028       0xa8 ./Drivers/STM32F1xx_HAL_Driver/Src/stm32f1xx_hal_rcc.o
                0x08002028                HAL_RCC_GetSysClockFreq
 .text.HAL_RCC_GetHCLKFreq
                0x080020d0       0x14 ./Drivers/STM32F1xx_HAL_Driver/Src/stm32f1xx_hal_rcc.o
                0x080020d0                HAL_RCC_GetHCLKFreq
 .text.HAL_RCC_GetPCLK1Freq
                0x080020e4       0x28 ./Drivers/STM32F1xx_HAL_Driver/Src/stm32f1xx_hal_rcc.o
                0x080020e4                HAL_RCC_GetPCLK1Freq
 .text.HAL_RCC_GetClockConfig
                0x0800210c       0x60 ./Drivers/STM32F1xx_HAL_Driver/Src/stm32f1xx_hal_rcc.o
                0x0800210c                HAL_RCC_GetClockConfig
 .text.RCC_Delay
                0x0800216c       0x3c ./Drivers/STM32F1xx_HAL_Driver/Src/stm32f1xx_hal_rcc.o
 .text.HAL_TIM_Base_Init
                0x080021a8       0x9e ./Drivers/STM32F1xx_HAL_Driver/Src/stm32f1xx_hal_tim.o
                0x080021a8                HAL_TIM_Base_Init
 *fill*         0x08002246        0x2 
 .text.HAL_TIM_Base_Start_IT
                0x08002248       0xa4 ./Drivers/STM32F1xx_HAL_Driver/Src/stm32f1xx_hal_tim.o
                0x08002248                HAL_TIM_Base_Start_IT
 .text.HAL_TIM_PWM_Init
                0x080022ec       0x9e ./Drivers/STM32F1xx_HAL_Driver/Src/stm32f1xx_hal_tim.o
                0x080022ec                HAL_TIM_PWM_Init
 .text.HAL_TIM_PWM_MspInit
                0x0800238a       0x12 ./Drivers/STM32F1xx_HAL_Driver/Src/stm32f1xx_hal_tim.o
                0x0800238a                HAL_TIM_PWM_MspInit
 .text.HAL_TIM_PWM_Start
                0x0800239c      0x144 ./Drivers/STM32F1xx_HAL_Driver/Src/stm32f1xx_hal_tim.o
                0x0800239c                HAL_TIM_PWM_Start
 .text.HAL_TIM_IC_Init
                0x080024e0       0x9e ./Drivers/STM32F1xx_HAL_Driver/Src/stm32f1xx_hal_tim.o
                0x080024e0                HAL_TIM_IC_Init
 .text.HAL_TIM_IC_MspInit
                0x0800257e       0x12 ./Drivers/STM32F1xx_HAL_Driver/Src/stm32f1xx_hal_tim.o
                0x0800257e                HAL_TIM_IC_MspInit
 .text.HAL_TIM_IC_Start_IT
                0x08002590      0x218 ./Drivers/STM32F1xx_HAL_Driver/Src/stm32f1xx_hal_tim.o
                0x08002590                HAL_TIM_IC_Start_IT
 .text.HAL_TIM_IRQHandler
                0x080027a8      0x1e0 ./Drivers/STM32F1xx_HAL_Driver/Src/stm32f1xx_hal_tim.o
                0x080027a8                HAL_TIM_IRQHandler
 .text.HAL_TIM_IC_ConfigChannel
                0x08002988      0x138 ./Drivers/STM32F1xx_HAL_Driver/Src/stm32f1xx_hal_tim.o
                0x08002988                HAL_TIM_IC_ConfigChannel
 .text.HAL_TIM_PWM_ConfigChannel
                0x08002ac0      0x184 ./Drivers/STM32F1xx_HAL_Driver/Src/stm32f1xx_hal_tim.o
                0x08002ac0                HAL_TIM_PWM_ConfigChannel
 .text.HAL_TIM_ConfigClockSource
                0x08002c44      0x18e ./Drivers/STM32F1xx_HAL_Driver/Src/stm32f1xx_hal_tim.o
                0x08002c44                HAL_TIM_ConfigClockSource
 .text.HAL_TIM_SlaveConfigSynchro
                0x08002dd2       0x84 ./Drivers/STM32F1xx_HAL_Driver/Src/stm32f1xx_hal_tim.o
                0x08002dd2                HAL_TIM_SlaveConfigSynchro
 *fill*         0x08002e56        0x2 
 .text.HAL_TIM_ReadCapturedValue
                0x08002e58       0x88 ./Drivers/STM32F1xx_HAL_Driver/Src/stm32f1xx_hal_tim.o
                0x08002e58                HAL_TIM_ReadCapturedValue
 .text.HAL_TIM_OC_DelayElapsedCallback
                0x08002ee0       0x12 ./Drivers/STM32F1xx_HAL_Driver/Src/stm32f1xx_hal_tim.o
                0x08002ee0                HAL_TIM_OC_DelayElapsedCallback
 .text.HAL_TIM_PWM_PulseFinishedCallback
                0x08002ef2       0x12 ./Drivers/STM32F1xx_HAL_Driver/Src/stm32f1xx_hal_tim.o
                0x08002ef2                HAL_TIM_PWM_PulseFinishedCallback
 .text.HAL_TIM_TriggerCallback
                0x08002f04       0x12 ./Drivers/STM32F1xx_HAL_Driver/Src/stm32f1xx_hal_tim.o
                0x08002f04                HAL_TIM_TriggerCallback
 *fill*         0x08002f16        0x2 
 .text.TIM_Base_SetConfig
                0x08002f18       0xdc ./Drivers/STM32F1xx_HAL_Driver/Src/stm32f1xx_hal_tim.o
                0x08002f18                TIM_Base_SetConfig
 .text.TIM_OC1_SetConfig
                0x08002ff4       0xcc ./Drivers/STM32F1xx_HAL_Driver/Src/stm32f1xx_hal_tim.o
 .text.TIM_OC2_SetConfig
                0x080030c0       0xd4 ./Drivers/STM32F1xx_HAL_Driver/Src/stm32f1xx_hal_tim.o
                0x080030c0                TIM_OC2_SetConfig
 .text.TIM_OC3_SetConfig
                0x08003194       0xd4 ./Drivers/STM32F1xx_HAL_Driver/Src/stm32f1xx_hal_tim.o
 .text.TIM_OC4_SetConfig
                0x08003268       0x9c ./Drivers/STM32F1xx_HAL_Driver/Src/stm32f1xx_hal_tim.o
 .text.TIM_SlaveTimer_SetConfig
                0x08003304      0x122 ./Drivers/STM32F1xx_HAL_Driver/Src/stm32f1xx_hal_tim.o
 *fill*         0x08003426        0x2 
 .text.TIM_TI1_SetConfig
                0x08003428       0xb4 ./Drivers/STM32F1xx_HAL_Driver/Src/stm32f1xx_hal_tim.o
                0x08003428                TIM_TI1_SetConfig
 .text.TIM_TI1_ConfigInputStage
                0x080034dc       0x5c ./Drivers/STM32F1xx_HAL_Driver/Src/stm32f1xx_hal_tim.o
 .text.TIM_TI2_SetConfig
                0x08003538       0x78 ./Drivers/STM32F1xx_HAL_Driver/Src/stm32f1xx_hal_tim.o
 .text.TIM_TI2_ConfigInputStage
                0x080035b0       0x5e ./Drivers/STM32F1xx_HAL_Driver/Src/stm32f1xx_hal_tim.o
 .text.TIM_TI3_SetConfig
                0x0800360e       0x76 ./Drivers/STM32F1xx_HAL_Driver/Src/stm32f1xx_hal_tim.o
 .text.TIM_TI4_SetConfig
                0x08003684       0x78 ./Drivers/STM32F1xx_HAL_Driver/Src/stm32f1xx_hal_tim.o
 .text.TIM_ITRx_SetConfig
                0x080036fc       0x34 ./Drivers/STM32F1xx_HAL_Driver/Src/stm32f1xx_hal_tim.o
 .text.TIM_ETR_SetConfig
                0x08003730       0x3e ./Drivers/STM32F1xx_HAL_Driver/Src/stm32f1xx_hal_tim.o
                0x08003730                TIM_ETR_SetConfig
 .text.TIM_CCxChannelCmd
                0x0800376e       0x48 ./Drivers/STM32F1xx_HAL_Driver/Src/stm32f1xx_hal_tim.o
                0x0800376e                TIM_CCxChannelCmd
 *fill*         0x080037b6        0x2 
 .text.HAL_TIMEx_MasterConfigSynchronization
                0x080037b8       0xbc ./Drivers/STM32F1xx_HAL_Driver/Src/stm32f1xx_hal_tim_ex.o
                0x080037b8                HAL_TIMEx_MasterConfigSynchronization
 .text.HAL_TIMEx_ConfigBreakDeadTime
                0x08003874       0xa2 ./Drivers/STM32F1xx_HAL_Driver/Src/stm32f1xx_hal_tim_ex.o
                0x08003874                HAL_TIMEx_ConfigBreakDeadTime
 .text.HAL_TIMEx_CommutCallback
                0x08003916       0x12 ./Drivers/STM32F1xx_HAL_Driver/Src/stm32f1xx_hal_tim_ex.o
                0x08003916                HAL_TIMEx_CommutCallback
 .text.HAL_TIMEx_BreakCallback
                0x08003928       0x12 ./Drivers/STM32F1xx_HAL_Driver/Src/stm32f1xx_hal_tim_ex.o
                0x08003928                HAL_TIMEx_BreakCallback
 .text.vListInitialise
                0x0800393a       0x3e ./ThirdParty/FreeRTOS/list.o
                0x0800393a                vListInitialise
 .text.vListInitialiseItem
                0x08003978       0x18 ./ThirdParty/FreeRTOS/list.o
                0x08003978                vListInitialiseItem
 .text.vListInsert
                0x08003990       0x70 ./ThirdParty/FreeRTOS/list.o
                0x08003990                vListInsert
 .text.uxListRemove
                0x08003a00       0x52 ./ThirdParty/FreeRTOS/list.o
                0x08003a00                uxListRemove
 .text.prvCreateTask
                0x08003a52       0x78 ./ThirdParty/FreeRTOS/tasks.o
 .text.xTaskCreate
                0x08003aca       0x46 ./ThirdParty/FreeRTOS/tasks.o
                0x08003aca                xTaskCreate
 .text.prvInitialiseNewTask
                0x08003b10      0x134 ./ThirdParty/FreeRTOS/tasks.o
 .text.prvAddNewTaskToReadyList
                0x08003c44      0x128 ./ThirdParty/FreeRTOS/tasks.o
 .text.vTaskDelay
                0x08003d6c       0x6c ./ThirdParty/FreeRTOS/tasks.o
                0x08003d6c                vTaskDelay
 .text.prvCreateIdleTasks
                0x08003dd8       0xac ./ThirdParty/FreeRTOS/tasks.o
 .text.vTaskStartScheduler
                0x08003e84       0x7c ./ThirdParty/FreeRTOS/tasks.o
                0x08003e84                vTaskStartScheduler
 .text.vTaskSuspendAll
                0x08003f00       0x1c ./ThirdParty/FreeRTOS/tasks.o
                0x08003f00                vTaskSuspendAll
 .text.xTaskResumeAll
                0x08003f1c      0x210 ./ThirdParty/FreeRTOS/tasks.o
                0x08003f1c                xTaskResumeAll
 .text.xTaskIncrementTick
                0x0800412c      0x234 ./ThirdParty/FreeRTOS/tasks.o
                0x0800412c                xTaskIncrementTick
 .text.vTaskSwitchContext
                0x08004360       0xb8 ./ThirdParty/FreeRTOS/tasks.o
                0x08004360                vTaskSwitchContext
 .text.prvIdleTask
                0x08004418       0x30 ./ThirdParty/FreeRTOS/tasks.o
 .text.prvInitialiseTaskLists
                0x08004448       0x80 ./ThirdParty/FreeRTOS/tasks.o
 .text.prvCheckTasksWaitingTermination
                0x080044c8       0x5c ./ThirdParty/FreeRTOS/tasks.o
 .text.prvDeleteTCB
                0x08004524       0x20 ./ThirdParty/FreeRTOS/tasks.o
 .text.prvResetNextTaskUnblockTime
                0x08004544       0x34 ./ThirdParty/FreeRTOS/tasks.o
 .text.xTaskGenericNotifyWait
                0x08004578      0x140 ./ThirdParty/FreeRTOS/tasks.o
                0x08004578                xTaskGenericNotifyWait
 .text.xTaskGenericNotifyFromISR
                0x080046b8      0x2d0 ./ThirdParty/FreeRTOS/tasks.o
                0x080046b8                xTaskGenericNotifyFromISR
 .text.prvAddCurrentTaskToDelayedList
                0x08004988      0x104 ./ThirdParty/FreeRTOS/tasks.o
 .text.pxPortInitialiseStack
                0x08004a8c       0x58 ./ThirdParty/FreeRTOS/portable/GCC/ARM_CM3/port.o
                0x08004a8c                pxPortInitialiseStack
 .text.prvTaskExitError
                0x08004ae4       0x58 ./ThirdParty/FreeRTOS/portable/GCC/ARM_CM3/port.o
 .text.SVC_Handler
                0x08004b3c       0x28 ./ThirdParty/FreeRTOS/portable/GCC/ARM_CM3/port.o
                0x08004b3c                SVC_Handler
 .text.prvPortStartFirstTask
                0x08004b64       0x24 ./ThirdParty/FreeRTOS/portable/GCC/ARM_CM3/port.o
 .text.xPortStartScheduler
                0x08004b88      0x130 ./ThirdParty/FreeRTOS/portable/GCC/ARM_CM3/port.o
                0x08004b88                xPortStartScheduler
 .text.vPortEnterCritical
                0x08004cb8       0x60 ./ThirdParty/FreeRTOS/portable/GCC/ARM_CM3/port.o
                0x08004cb8                vPortEnterCritical
 .text.vPortExitCritical
                0x08004d18       0x54 ./ThirdParty/FreeRTOS/portable/GCC/ARM_CM3/port.o
                0x08004d18                vPortExitCritical
 .text.PendSV_Handler
                0x08004d6c       0x48 ./ThirdParty/FreeRTOS/portable/GCC/ARM_CM3/port.o
                0x08004d6c                PendSV_Handler
 .text.SysTick_Handler
                0x08004db4       0x44 ./ThirdParty/FreeRTOS/portable/GCC/ARM_CM3/port.o
                0x08004db4                SysTick_Handler
 .text.vPortSetupTimerInterrupt
                0x08004df8       0x34 ./ThirdParty/FreeRTOS/portable/GCC/ARM_CM3/port.o
                0x08004df8                vPortSetupTimerInterrupt
 .text.vPortValidateInterruptPriority
                0x08004e2c       0x80 ./ThirdParty/FreeRTOS/portable/GCC/ARM_CM3/port.o
                0x08004e2c                vPortValidateInterruptPriority
 .text.pvPortMalloc
                0x08004eac      0x270 ./ThirdParty/FreeRTOS/portable/MemMang/heap_4.o
                0x08004eac                pvPortMalloc
 .text.vPortFree
                0x0800511c       0xec ./ThirdParty/FreeRTOS/portable/MemMang/heap_4.o
                0x0800511c                vPortFree
 .text.prvHeapInit
                0x08005208       0xb4 ./ThirdParty/FreeRTOS/portable/MemMang/heap_4.o
 .text.prvInsertBlockIntoFreeList
                0x080052bc       0xf4 ./ThirdParty/FreeRTOS/portable/MemMang/heap_4.o
 .text.CAN1_Tx  0x080053b0       0x74 ./User/Src/can_handler.o
                0x080053b0                CAN1_Tx
 .text.vTaskSensorScanner
                0x08005424       0xc4 ./User/Src/sensor_task.o
                0x08005424                vTaskSensorScanner
 .text.ServoMotorUpdate
                0x080054e8       0x58 ./User/Src/sensor_task.o
 .text.TrackTarget
                0x08005540       0xe8 ./User/Src/sensor_task.o
 .text.SensorTrigger
                0x08005628       0x28 ./User/Src/sensor_task.o
 .text.us_delay
                0x08005650       0x4c ./User/Src/sensor_task.o
 .text.distance_calculator
                0x0800569c       0x30 ./User/Src/sensor_task.o
 .text.HAL_TIM_IC_CaptureCallback
                0x080056cc       0x6c ./User/Src/sensor_task.o
                0x080056cc                HAL_TIM_IC_CaptureCallback
 .text.memset   0x08005738       0x10 C:/ST/STM32CubeIDE_2.0.0/STM32CubeIDE/plugins/com.st.stm32cube.ide.mcu.externaltools.gnu-tools-for-stm32.13.3.rel1.win32_1.0.100.202509120712/tools/bin/../lib/gcc/arm-none-eabi/13.3.1/../../../../arm-none-eabi/lib/thumb/v7-m/nofp\libc_nano.a(libc_a-memset.o)
                0x08005738                memset
 .text.__libc_init_array
                0x08005748       0x48 C:/ST/STM32CubeIDE_2.0.0/STM32CubeIDE/plugins/com.st.stm32cube.ide.mcu.externaltools.gnu-tools-for-stm32.13.3.rel1.win32_1.0.100.202509120712/tools/bin/../lib/gcc/arm-none-eabi/13.3.1/../../../../arm-none-eabi/lib/thumb/v7-m/nofp\libc_nano.a(libc_a-init.o)
                0x08005748                __libc_init_array
 *(.glue_7)
 .glue_7        0x08005790        0x0 linker stubs
 *(.glue_7t)
 .glue_7t       0x08005790        0x0 linker stubs
 *(.eh_frame)
 .eh_frame      0x08005790        0x0 C:/ST/STM32CubeIDE_2.0.0/STM32CubeIDE/plugins/com.st.stm32cube.ide.mcu.externaltools.gnu-tools-for-stm32.13.3.rel1.win32_1.0.100.202509120712/tools/bin/../lib/gcc/arm-none-eabi/13.3.1/thumb/v7-m/nofp/crtbegin.o
 *(.init)
 .init          0x08005790        0x4 C:/ST/STM32CubeIDE_2.0.0/STM32CubeIDE/plugins/com.st.stm32cube.ide.mcu.externaltools.gnu-tools-for-stm32.13.3.rel1.win32_1.0.100.202509120712/tools/bin/../lib/gcc/arm-none-eabi/13.3.1/thumb/v7-m/nofp/crti.o
                0x08005790                _init
 .init          0x08005794        0x8 C:/ST/STM32CubeIDE_2.0.0/STM32CubeIDE/plugins/com.st.stm32cube.ide.mcu.externaltools.gnu-tools-for-stm32.13.3.rel1.win32_1.0.100.202509120712/tools/bin/../lib/gcc/arm-none-eabi/13.3.1/thumb/v7-m/nofp/crtn.o
 *(.fini)
 .fini          0x0800579c        0x4 C:/ST/STM32CubeIDE_2.0.0/STM32CubeIDE/plugins/com.st.stm32cube.ide.mcu.externaltools.gnu-tools-for-stm32.13.3.rel1.win32_1.0.100.202509120712/tools/bin/../lib/gcc/arm-none-eabi/13.3.1/thumb/v7-m/nofp/crti.o
                0x0800579c                _fini
 .fini          0x080057a0        0x8 C:/ST/STM32CubeIDE_2.0.0/STM32CubeIDE/plugins/com.st.stm32cube.ide.mcu.externaltools.gnu-tools-for-stm32.13.3.rel1.win32_1.0.100.202509120712/tools/bin/../lib/gcc/arm-none-eabi/13.3.1/thumb/v7-m/nofp/crtn.o
                0x080057a8                        . = ALIGN (0x4)
                0x080057a8                        _etext = .

.vfp11_veneer   0x080057a8        0x0
 .vfp11_veneer  0x080057a8        0x0 linker stubs

.v4_bx          0x080057a8        0x0
 .v4_bx         0x080057a8        0x0 linker stubs

.iplt           0x080057a8        0x0
 .iplt          0x080057a8        0x0 C:/ST/STM32CubeIDE_2.0.0/STM32CubeIDE/plugins/com.st.stm32cube.ide.mcu.externaltools.gnu-tools-for-stm32.13.3.rel1.win32_1.0.100.202509120712/tools/bin/../lib/gcc/arm-none-eabi/13.3.1/thumb/v7-m/nofp/crtbegin.o

.rodata         0x080057a8       0x44
                0x080057a8                        . = ALIGN (0x4)
 *(.rodata)
 .rodata        0x080057a8        0xc ./Core/Src/main.o
 .rodata        0x080057b4        0x5 ./ThirdParty/FreeRTOS/tasks.o
 *(.rodata*)
 *fill*         0x080057b9        0x3 
 .rodata.AHBPrescTable
                0x080057bc       0x10 ./Core/Src/system_stm32f1xx.o
                0x080057bc                AHBPrescTable
 .rodata.APBPrescTable
                0x080057cc        0x8 ./Core/Src/system_stm32f1xx.o
                0x080057cc                APBPrescTable
 .rodata.aPLLMULFactorTable.1
                0x080057d4       0x10 ./Drivers/STM32F1xx_HAL_Driver/Src/stm32f1xx_hal_rcc.o
 .rodata.aPredivFactorTable.0
                0x080057e4        0x2 ./Drivers/STM32F1xx_HAL_Driver/Src/stm32f1xx_hal_rcc.o
 *fill*         0x080057e6        0x2 
 .rodata.uxTopUsedPriority
                0x080057e8        0x4 ./ThirdParty/FreeRTOS/tasks.o
                0x080057ec                        . = ALIGN (0x4)

.ARM.extab      0x080057ec        0x0
                0x080057ec                        . = ALIGN (0x4)
 *(.ARM.extab* .gnu.linkonce.armextab.*)
                0x080057ec                        . = ALIGN (0x4)

.ARM            0x080057ec        0x0
                0x080057ec                        . = ALIGN (0x4)
                0x080057ec                        __exidx_start = .
 *(.ARM.exidx*)
                0x080057ec                        __exidx_end = .
                0x080057ec                        . = ALIGN (0x4)

.preinit_array  0x080057ec        0x0
                0x080057ec                        . = ALIGN (0x4)
                0x080057ec                        PROVIDE (__preinit_array_start = .)
 *(.preinit_array*)
                0x080057ec                        PROVIDE (__preinit_array_end = .)
                0x080057ec                        . = ALIGN (0x4)

.init_array     0x080057ec        0x4
                0x080057ec                        . = ALIGN (0x4)
                0x080057ec                        PROVIDE (__init_array_start = .)
 *(SORT_BY_NAME(.init_array.*))
 *(.init_array*)
 .init_array    0x080057ec        0x4 C:/ST/STM32CubeIDE_2.0.0/STM32CubeIDE/plugins/com.st.stm32cube.ide.mcu.externaltools.gnu-tools-for-stm32.13.3.rel1.win32_1.0.100.202509120712/tools/bin/../lib/gcc/arm-none-eabi/13.3.1/thumb/v7-m/nofp/crtbegin.o
                0x080057f0                        PROVIDE (__init_array_end = .)
                0x080057f0                        . = ALIGN (0x4)

.fini_array     0x080057f0        0x4
                0x080057f0                        . = ALIGN (0x4)
                [!provide]                        PROVIDE (__fini_array_start = .)
 *(SORT_BY_NAME(.fini_array.*))
 *(.fini_array*)
 .fini_array    0x080057f0        0x4 C:/ST/STM32CubeIDE_2.0.0/STM32CubeIDE/plugins/com.st.stm32cube.ide.mcu.externaltools.gnu-tools-for-stm32.13.3.rel1.win32_1.0.100.202509120712/tools/bin/../lib/gcc/arm-none-eabi/13.3.1/thumb/v7-m/nofp/crtbegin.o
                [!provide]                        PROVIDE (__fini_array_end = .)
                0x080057f4                        . = ALIGN (0x4)
                0x080057f4                        _sidata = LOADADDR (.data)

.rel.dyn        0x080057f4        0x0
 .rel.iplt      0x080057f4        0x0 C:/ST/STM32CubeIDE_2.0.0/STM32CubeIDE/plugins/com.st.stm32cube.ide.mcu.externaltools.gnu-tools-for-stm32.13.3.rel1.win32_1.0.100.202509120712/tools/bin/../lib/gcc/arm-none-eabi/13.3.1/thumb/v7-m/nofp/crtbegin.o

.data           0x20000000       0x10 load address 0x080057f4
                0x20000000                        . = ALIGN (0x4)
                0x20000000                        _sdata = .
 *(.data)
 *(.data*)
 .data.SystemCoreClock
                0x20000000        0x4 ./Core/Src/system_stm32f1xx.o
                0x20000000                SystemCoreClock
 .data.uwTickPrio
                0x20000004        0x4 ./Drivers/STM32F1xx_HAL_Driver/Src/stm32f1xx_hal.o
                0x20000004                uwTickPrio
 .data.uwTickFreq
                0x20000008        0x1 ./Drivers/STM32F1xx_HAL_Driver/Src/stm32f1xx_hal.o
                0x20000008                uwTickFreq
 *fill*         0x20000009        0x3 
 .data.uxCriticalNesting
                0x2000000c        0x4 ./ThirdParty/FreeRTOS/portable/GCC/ARM_CM3/port.o
 *(.RamFunc)
 *(.RamFunc*)
                0x20000010                        . = ALIGN (0x4)
                0x20000010                        _edata = .

.igot.plt       0x20000010        0x0 load address 0x08005804
 .igot.plt      0x20000010        0x0 C:/ST/STM32CubeIDE_2.0.0/STM32CubeIDE/plugins/com.st.stm32cube.ide.mcu.externaltools.gnu-tools-for-stm32.13.3.rel1.win32_1.0.100.202509120712/tools/bin/../lib/gcc/arm-none-eabi/13.3.1/thumb/v7-m/nofp/crtbegin.o
                0x20000010                        . = ALIGN (0x4)

.bss            0x20000010     0x4694 load address 0x08005804
                0x20000010                        _sbss = .
                0x20000010                        __bss_start__ = _sbss
 *(.bss)
 .bss           0x20000010       0x1c C:/ST/STM32CubeIDE_2.0.0/STM32CubeIDE/plugins/com.st.stm32cube.ide.mcu.externaltools.gnu-tools-for-stm32.13.3.rel1.win32_1.0.100.202509120712/tools/bin/../lib/gcc/arm-none-eabi/13.3.1/thumb/v7-m/nofp/crtbegin.o
 *(.bss*)
 .bss.hcan      0x2000002c       0x28 ./Core/Src/main.o
                0x2000002c                hcan
 .bss.htim1     0x20000054       0x48 ./Core/Src/main.o
                0x20000054                htim1
 .bss.htim3     0x2000009c       0x48 ./Core/Src/main.o
                0x2000009c                htim3
 .bss.htim4     0x200000e4       0x48 ./Core/Src/main.o
                0x200000e4                htim4
 .bss.xSensorScannerHandle
                0x2000012c        0x4 ./Core/Src/main.o
                0x2000012c                xSensorScannerHandle
 .bss.htim2     0x20000130       0x48 ./Core/Src/stm32f1xx_hal_timebase_tim.o
                0x20000130                htim2
 .bss.uwTick    0x20000178        0x4 ./Drivers/STM32F1xx_HAL_Driver/Src/stm32f1xx_hal.o
                0x20000178                uwTick
 .bss.pxCurrentTCB
                0x2000017c        0x4 ./ThirdParty/FreeRTOS/tasks.o
                0x2000017c                pxCurrentTCB
 .bss.pxReadyTasksLists
                0x20000180       0x64 ./ThirdParty/FreeRTOS/tasks.o
 .bss.xDelayedTaskList1
                0x200001e4       0x14 ./ThirdParty/FreeRTOS/tasks.o
 .bss.xDelayedTaskList2
                0x200001f8       0x14 ./ThirdParty/FreeRTOS/tasks.o
 .bss.pxDelayedTaskList
                0x2000020c        0x4 ./ThirdParty/FreeRTOS/tasks.o
 .bss.pxOverflowDelayedTaskList
                0x20000210        0x4 ./ThirdParty/FreeRTOS/tasks.o
 .bss.xPendingReadyList
                0x20000214       0x14 ./ThirdParty/FreeRTOS/tasks.o
 .bss.xTasksWaitingTermination
                0x20000228       0x14 ./ThirdParty/FreeRTOS/tasks.o
 .bss.uxDeletedTasksWaitingCleanUp
                0x2000023c        0x4 ./ThirdParty/FreeRTOS/tasks.o
 .bss.xSuspendedTaskList
                0x20000240       0x14 ./ThirdParty/FreeRTOS/tasks.o
 .bss.uxCurrentNumberOfTasks
                0x20000254        0x4 ./ThirdParty/FreeRTOS/tasks.o
 .bss.xTickCount
                0x20000258        0x4 ./ThirdParty/FreeRTOS/tasks.o
 .bss.uxTopReadyPriority
                0x2000025c        0x4 ./ThirdParty/FreeRTOS/tasks.o
 .bss.xSchedulerRunning
                0x20000260        0x4 ./ThirdParty/FreeRTOS/tasks.o
 .bss.xPendedTicks
                0x20000264        0x4 ./ThirdParty/FreeRTOS/tasks.o
 .bss.xYieldPendings
                0x20000268        0x4 ./ThirdParty/FreeRTOS/tasks.o
 .bss.xNumOfOverflows
                0x2000026c        0x4 ./ThirdParty/FreeRTOS/tasks.o
 .bss.uxTaskNumber
                0x20000270        0x4 ./ThirdParty/FreeRTOS/tasks.o
 .bss.xNextTaskUnblockTime
                0x20000274        0x4 ./ThirdParty/FreeRTOS/tasks.o
 .bss.xIdleTaskHandles
                0x20000278        0x4 ./ThirdParty/FreeRTOS/tasks.o
 .bss.uxSchedulerSuspended
                0x2000027c        0x4 ./ThirdParty/FreeRTOS/tasks.o
 .bss.ucMaxSysCallPriority
                0x20000280        0x1 ./ThirdParty/FreeRTOS/portable/GCC/ARM_CM3/port.o
 *fill*         0x20000281        0x3 
 .bss.ulMaxPRIGROUPValue
                0x20000284        0x4 ./ThirdParty/FreeRTOS/portable/GCC/ARM_CM3/port.o
 .bss.ucHeap    0x20000288     0x4400 ./ThirdParty/FreeRTOS/portable/MemMang/heap_4.o
 .bss.xStart    0x20004688        0x8 ./ThirdParty/FreeRTOS/portable/MemMang/heap_4.o
 .bss.pxEnd     0x20004690        0x4 ./ThirdParty/FreeRTOS/portable/MemMang/heap_4.o
 .bss.xFreeBytesRemaining
                0x20004694        0x4 ./ThirdParty/FreeRTOS/portable/MemMang/heap_4.o
 .bss.xMinimumEverFreeBytesRemaining
                0x20004698        0x4 ./ThirdParty/FreeRTOS/portable/MemMang/heap_4.o
 .bss.xNumberOfSuccessfulAllocations
                0x2000469c        0x4 ./ThirdParty/FreeRTOS/portable/MemMang/heap_4.o
 .bss.xNumberOfSuccessfulFrees
                0x200046a0        0x4 ./ThirdParty/FreeRTOS/portable/MemMang/heap_4.o
 *(COMMON)
                0x200046a4                        . = ALIGN (0x4)
                0x200046a4                        _ebss = .
                0x200046a4                        __bss_end__ = _ebss

._user_heap_stack
                0x200046a4      0x604 load address 0x08005804
                0x200046a8                        . = ALIGN (0x8)
 *fill*         0x200046a4        0x4 
                [!provide]                        PROVIDE (end = .)
                0x200046a8                        PROVIDE (_end = .)
                0x200048a8                        . = (. + _Min_Heap_Size)
 *fill*         0x200046a8      0x200 
                0x20004ca8                        . = (. + _Min_Stack_Size)
 *fill*         0x200048a8      0x400 
                0x20004ca8                        . = ALIGN (0x8)

/DISCARD/
 libc.a(*)
 libm.a(*)
 libgcc.a(*)

.ARM.attributes
                0x00000000       0x29
 *(.ARM.attributes)
 .ARM.attributes
                0x00000000       0x1d C:/ST/STM32CubeIDE_2.0.0/STM32CubeIDE/plugins/com.st.stm32cube.ide.mcu.externaltools.gnu-tools-for-stm32.13.3.rel1.win32_1.0.100.202509120712/tools/bin/../lib/gcc/arm-none-eabi/13.3.1/thumb/v7-m/nofp/crti.o
 .ARM.attributes
                0x0000001d       0x2d C:/ST/STM32CubeIDE_2.0.0/STM32CubeIDE/plugins/com.st.stm32cube.ide.mcu.externaltools.gnu-tools-for-stm32.13.3.rel1.win32_1.0.100.202509120712/tools/bin/../lib/gcc/arm-none-eabi/13.3.1/thumb/v7-m/nofp/crtbegin.o
 .ARM.attributes
                0x0000004a       0x2d ./Core/Src/main.o
 .ARM.attributes
                0x00000077       0x2d ./Core/Src/stm32f1xx_hal_msp.o
 .ARM.attributes
                0x000000a4       0x2d ./Core/Src/stm32f1xx_hal_timebase_tim.o
 .ARM.attributes
                0x000000d1       0x2d ./Core/Src/stm32f1xx_it.o
 .ARM.attributes
                0x000000fe       0x2d ./Core/Src/system_stm32f1xx.o
 .ARM.attributes
                0x0000012b       0x21 ./Core/Startup/startup_stm32f103rbtx.o
 .ARM.attributes
                0x0000014c       0x2d ./Drivers/STM32F1xx_HAL_Driver/Src/stm32f1xx_hal.o
 .ARM.attributes
                0x00000179       0x2d ./Drivers/STM32F1xx_HAL_Driver/Src/stm32f1xx_hal_can.o
 .ARM.attributes
                0x000001a6       0x2d ./Drivers/STM32F1xx_HAL_Driver/Src/stm32f1xx_hal_cortex.o
 .ARM.attributes
                0x000001d3       0x2d ./Drivers/STM32F1xx_HAL_Driver/Src/stm32f1xx_hal_gpio.o
 .ARM.attributes
                0x00000200       0x2d ./Drivers/STM32F1xx_HAL_Driver/Src/stm32f1xx_hal_rcc.o
 .ARM.attributes
                0x0000022d       0x2d ./Drivers/STM32F1xx_HAL_Driver/Src/stm32f1xx_hal_tim.o
 .ARM.attributes
                0x0000025a       0x2d ./Drivers/STM32F1xx_HAL_Driver/Src/stm32f1xx_hal_tim_ex.o
 .ARM.attributes
                0x00000287       0x2d ./ThirdParty/FreeRTOS/list.o
 .ARM.attributes
                0x000002b4       0x2d ./ThirdParty/FreeRTOS/tasks.o
 .ARM.attributes
                0x000002e1       0x2d ./ThirdParty/FreeRTOS/portable/GCC/ARM_CM3/port.o
 .ARM.attributes
                0x0000030e       0x2d ./ThirdParty/FreeRTOS/portable/MemMang/heap_4.o
 .ARM.attributes
                0x0000033b       0x2d ./User/Src/can_handler.o
 .ARM.attributes
                0x00000368       0x2d ./User/Src/sensor_task.o
 .ARM.attributes
                0x00000395       0x2d C:/ST/STM32CubeIDE_2.0.0/STM32CubeIDE/plugins/com.st.stm32cube.ide.mcu.externaltools.gnu-tools-for-stm32.13.3.rel1.win32_1.0.100.202509120712/tools/bin/../lib/gcc/arm-none-eabi/13.3.1/../../../../arm-none-eabi/lib/thumb/v7-m/nofp\libc_nano.a(libc_a-memset.o)
 .ARM.attributes
                0x000003c2       0x2d C:/ST/STM32CubeIDE_2.0.0/STM32CubeIDE/plugins/com.st.stm32cube.ide.mcu.externaltools.gnu-tools-for-stm32.13.3.rel1.win32_1.0.100.202509120712/tools/bin/../lib/gcc/arm-none-eabi/13.3.1/../../../../arm-none-eabi/lib/thumb/v7-m/nofp\libc_nano.a(libc_a-init.o)
 .ARM.attributes
                0x000003ef       0x1d C:/ST/STM32CubeIDE_2.0.0/STM32CubeIDE/plugins/com.st.stm32cube.ide.mcu.externaltools.gnu-tools-for-stm32.13.3.rel1.win32_1.0.100.202509120712/tools/bin/../lib/gcc/arm-none-eabi/13.3.1/thumb/v7-m/nofp/crtn.o
OUTPUT(isr_pgm.elf elf32-littlearm)
LOAD linker stubs
LOAD C:/ST/STM32CubeIDE_2.0.0/STM32CubeIDE/plugins/com.st.stm32cube.ide.mcu.externaltools.gnu-tools-for-stm32.13.3.rel1.win32_1.0.100.202509120712/tools/bin/../lib/gcc/arm-none-eabi/13.3.1/../../../../arm-none-eabi/lib/thumb/v7-m/nofp\libc.a
LOAD C:/ST/STM32CubeIDE_2.0.0/STM32CubeIDE/plugins/com.st.stm32cube.ide.mcu.externaltools.gnu-tools-for-stm32.13.3.rel1.win32_1.0.100.202509120712/tools/bin/../lib/gcc/arm-none-eabi/13.3.1/../../../../arm-none-eabi/lib/thumb/v7-m/nofp\libm.a
LOAD C:/ST/STM32CubeIDE_2.0.0/STM32CubeIDE/plugins/com.st.stm32cube.ide.mcu.externaltools.gnu-tools-for-stm32.13.3.rel1.win32_1.0.100.202509120712/tools/bin/../lib/gcc/arm-none-eabi/13.3.1/thumb/v7-m/nofp\libgcc.a

.debug_info     0x00000000     0xe907
 .debug_info    0x00000000     0x15ac ./Core/Src/main.o
 .debug_info    0x000015ac      0xf4a ./Core/Src/stm32f1xx_hal_msp.o
 .debug_info    0x000024f6      0x9a8 ./Core/Src/stm32f1xx_hal_timebase_tim.o
 .debug_info    0x00002e9e      0xa89 ./Core/Src/stm32f1xx_it.o
 .debug_info    0x00003927      0x222 ./Core/Src/system_stm32f1xx.o
 .debug_info    0x00003b49       0x30 ./Core/Startup/startup_stm32f103rbtx.o
 .debug_info    0x00003b79      0x704 ./Drivers/STM32F1xx_HAL_Driver/Src/stm32f1xx_hal.o
 .debug_info    0x0000427d      0xf13 ./Drivers/STM32F1xx_HAL_Driver/Src/stm32f1xx_hal_can.o
 .debug_info    0x00005190      0xa87 ./Drivers/STM32F1xx_HAL_Driver/Src/stm32f1xx_hal_cortex.o
 .debug_info    0x00005c17      0x5ab ./Drivers/STM32F1xx_HAL_Driver/Src/stm32f1xx_hal_gpio.o
 .debug_info    0x000061c2      0x7d5 ./Drivers/STM32F1xx_HAL_Driver/Src/stm32f1xx_hal_rcc.o
 .debug_info    0x00006997     0x2959 ./Drivers/STM32F1xx_HAL_Driver/Src/stm32f1xx_hal_tim.o
 .debug_info    0x000092f0     0x149b ./Drivers/STM32F1xx_HAL_Driver/Src/stm32f1xx_hal_tim_ex.o
 .debug_info    0x0000a78b      0x2aa ./ThirdParty/FreeRTOS/list.o
 .debug_info    0x0000aa35     0x21cc ./ThirdParty/FreeRTOS/tasks.o
 .debug_info    0x0000cc01      0x4d4 ./ThirdParty/FreeRTOS/portable/GCC/ARM_CM3/port.o
 .debug_info    0x0000d0d5      0x5ea ./ThirdParty/FreeRTOS/portable/MemMang/heap_4.o
 .debug_info    0x0000d6bf      0x5c6 ./User/Src/can_handler.o
 .debug_info    0x0000dc85      0xc82 ./User/Src/sensor_task.o

.debug_abbrev   0x00000000     0x28f1
 .debug_abbrev  0x00000000      0x3a8 ./Core/Src/main.o
 .debug_abbrev  0x000003a8      0x245 ./Core/Src/stm32f1xx_hal_msp.o
 .debug_abbrev  0x000005ed      0x1f3 ./Core/Src/stm32f1xx_hal_timebase_tim.o
 .debug_abbrev  0x000007e0      0x1ed ./Core/Src/stm32f1xx_it.o
 .debug_abbrev  0x000009cd      0x13f ./Core/Src/system_stm32f1xx.o
 .debug_abbrev  0x00000b0c       0x24 ./Core/Startup/startup_stm32f103rbtx.o
 .debug_abbrev  0x00000b30      0x201 ./Drivers/STM32F1xx_HAL_Driver/Src/stm32f1xx_hal.o
 .debug_abbrev  0x00000d31      0x21c ./Drivers/STM32F1xx_HAL_Driver/Src/stm32f1xx_hal_can.o
 .debug_abbrev  0x00000f4d      0x2f8 ./Drivers/STM32F1xx_HAL_Driver/Src/stm32f1xx_hal_cortex.o
 .debug_abbrev  0x00001245      0x1ca ./Drivers/STM32F1xx_HAL_Driver/Src/stm32f1xx_hal_gpio.o
 .debug_abbrev  0x0000140f      0x2b3 ./Drivers/STM32F1xx_HAL_Driver/Src/stm32f1xx_hal_rcc.o
 .debug_abbrev  0x000016c2      0x277 ./Drivers/STM32F1xx_HAL_Driver/Src/stm32f1xx_hal_tim.o
 .debug_abbrev  0x00001939      0x282 ./Drivers/STM32F1xx_HAL_Driver/Src/stm32f1xx_hal_tim_ex.o
 .debug_abbrev  0x00001bbb       0xee ./ThirdParty/FreeRTOS/list.o
 .debug_abbrev  0x00001ca9      0x37e ./ThirdParty/FreeRTOS/tasks.o
 .debug_abbrev  0x00002027      0x243 ./ThirdParty/FreeRTOS/portable/GCC/ARM_CM3/port.o
 .debug_abbrev  0x0000226a      0x25a ./ThirdParty/FreeRTOS/portable/MemMang/heap_4.o
 .debug_abbrev  0x000024c4      0x183 ./User/Src/can_handler.o
 .debug_abbrev  0x00002647      0x2aa ./User/Src/sensor_task.o

.debug_aranges  0x00000000      0xe20
 .debug_aranges
                0x00000000       0x60 ./Core/Src/main.o
 .debug_aranges
                0x00000060       0x48 ./Core/Src/stm32f1xx_hal_msp.o
 .debug_aranges
                0x000000a8       0x30 ./Core/Src/stm32f1xx_hal_timebase_tim.o
 .debug_aranges
                0x000000d8       0x68 ./Core/Src/stm32f1xx_it.o
 .debug_aranges
                0x00000140       0x28 ./Core/Src/system_stm32f1xx.o
 .debug_aranges
                0x00000168       0x28 ./Core/Startup/startup_stm32f103rbtx.o
 .debug_aranges
                0x00000190       0xe0 ./Drivers/STM32F1xx_HAL_Driver/Src/stm32f1xx_hal.o
 .debug_aranges
                0x00000270      0x138 ./Drivers/STM32F1xx_HAL_Driver/Src/stm32f1xx_hal_can.o
 .debug_aranges
                0x000003a8      0x100 ./Drivers/STM32F1xx_HAL_Driver/Src/stm32f1xx_hal_cortex.o
 .debug_aranges
                0x000004a8       0x58 ./Drivers/STM32F1xx_HAL_Driver/Src/stm32f1xx_hal_gpio.o
 .debug_aranges
                0x00000500       0x90 ./Drivers/STM32F1xx_HAL_Driver/Src/stm32f1xx_hal_rcc.o
 .debug_aranges
                0x00000590      0x3d0 ./Drivers/STM32F1xx_HAL_Driver/Src/stm32f1xx_hal_tim.o
 .debug_aranges
                0x00000960      0x168 ./Drivers/STM32F1xx_HAL_Driver/Src/stm32f1xx_hal_tim_ex.o
 .debug_aranges
                0x00000ac8       0x40 ./ThirdParty/FreeRTOS/list.o
 .debug_aranges
                0x00000b08      0x1c0 ./ThirdParty/FreeRTOS/tasks.o
 .debug_aranges
                0x00000cc8       0x78 ./ThirdParty/FreeRTOS/portable/GCC/ARM_CM3/port.o
 .debug_aranges
                0x00000d40       0x70 ./ThirdParty/FreeRTOS/portable/MemMang/heap_4.o
 .debug_aranges
                0x00000db0       0x20 ./User/Src/can_handler.o
 .debug_aranges
                0x00000dd0       0x50 ./User/Src/sensor_task.o

.debug_rnglists
                0x00000000      0xae6
 .debug_rnglists
                0x00000000       0x48 ./Core/Src/main.o
 .debug_rnglists
                0x00000048       0x34 ./Core/Src/stm32f1xx_hal_msp.o
 .debug_rnglists
                0x0000007c       0x20 ./Core/Src/stm32f1xx_hal_timebase_tim.o
 .debug_rnglists
                0x0000009c       0x49 ./Core/Src/stm32f1xx_it.o
 .debug_rnglists
                0x000000e5       0x1a ./Core/Src/system_stm32f1xx.o
 .debug_rnglists
                0x000000ff       0x19 ./Core/Startup/startup_stm32f103rbtx.o
 .debug_rnglists
                0x00000118       0xa3 ./Drivers/STM32F1xx_HAL_Driver/Src/stm32f1xx_hal.o
 .debug_rnglists
                0x000001bb       0xed ./Drivers/STM32F1xx_HAL_Driver/Src/stm32f1xx_hal_can.o
 .debug_rnglists
                0x000002a8       0xbb ./Drivers/STM32F1xx_HAL_Driver/Src/stm32f1xx_hal_cortex.o
 .debug_rnglists
                0x00000363       0x3f ./Drivers/STM32F1xx_HAL_Driver/Src/stm32f1xx_hal_gpio.o
 .debug_rnglists
                0x000003a2       0x6c ./Drivers/STM32F1xx_HAL_Driver/Src/stm32f1xx_hal_rcc.o
 .debug_rnglists
                0x0000040e      0x31a ./Drivers/STM32F1xx_HAL_Driver/Src/stm32f1xx_hal_tim.o
 .debug_rnglists
                0x00000728      0x125 ./Drivers/STM32F1xx_HAL_Driver/Src/stm32f1xx_hal_tim_ex.o
 .debug_rnglists
                0x0000084d       0x2b ./ThirdParty/FreeRTOS/list.o
 .debug_rnglists
                0x00000878      0x177 ./ThirdParty/FreeRTOS/tasks.o
 .debug_rnglists
                0x000009ef       0x57 ./ThirdParty/FreeRTOS/portable/GCC/ARM_CM3/port.o
 .debug_rnglists
                0x00000a46       0x54 ./ThirdParty/FreeRTOS/portable/MemMang/heap_4.o
 .debug_rnglists
                0x00000a9a       0x13 ./User/Src/can_handler.o
 .debug_rnglists
                0x00000aad       0x39 ./User/Src/sensor_task.o

.debug_macro    0x00000000    0x19357
 .debug_macro   0x00000000      0x241 ./Core/Src/main.o
 .debug_macro   0x00000241      0xacc ./Core/Src/main.o
 .debug_macro   0x00000d0d      0x21b ./Core/Src/main.o
 .debug_macro   0x00000f28       0x2e ./Core/Src/main.o
 .debug_macro   0x00000f56       0x22 ./Core/Src/main.o
 .debug_macro   0x00000f78       0x22 ./Core/Src/main.o
 .debug_macro   0x00000f9a       0x8e ./Core/Src/main.o
 .debug_macro   0x00001028       0x51 ./Core/Src/main.o
 .debug_macro   0x00001079      0x103 ./Core/Src/main.o
 .debug_macro   0x0000117c       0x6a ./Core/Src/main.o
 .debug_macro   0x000011e6      0x1df ./Core/Src/main.o
 .debug_macro   0x000013c5       0x1c ./Core/Src/main.o
 .debug_macro   0x000013e1       0x22 ./Core/Src/main.o
 .debug_macro   0x00001403       0xbd ./Core/Src/main.o
 .debug_macro   0x000014c0      0xd23 ./Core/Src/main.o
 .debug_macro   0x000021e3     0xe09e ./Core/Src/main.o
 .debug_macro   0x00010281       0x6d ./Core/Src/main.o
 .debug_macro   0x000102ee     0x34a2 ./Core/Src/main.o
 .debug_macro   0x00013790      0x190 ./Core/Src/main.o
 .debug_macro   0x00013920       0x5c ./Core/Src/main.o
 .debug_macro   0x0001397c      0x5bc ./Core/Src/main.o
 .debug_macro   0x00013f38      0x289 ./Core/Src/main.o
 .debug_macro   0x000141c1      0x1cb ./Core/Src/main.o
 .debug_macro   0x0001438c      0x114 ./Core/Src/main.o
 .debug_macro   0x000144a0      0x1b2 ./Core/Src/main.o
 .debug_macro   0x00014652       0x27 ./Core/Src/main.o
 .debug_macro   0x00014679      0x136 ./Core/Src/main.o
 .debug_macro   0x000147af      0x1bc ./Core/Src/main.o
 .debug_macro   0x0001496b       0x34 ./Core/Src/main.o
 .debug_macro   0x0001499f       0x3c ./Core/Src/main.o
 .debug_macro   0x000149db      0x408 ./Core/Src/main.o
 .debug_macro   0x00014de3       0x57 ./Core/Src/main.o
 .debug_macro   0x00014e3a       0x87 ./Core/Src/main.o
 .debug_macro   0x00014ec1      0x240 ./Core/Src/main.o
 .debug_macro   0x00015101      0x140 ./Core/Src/main.o
 .debug_macro   0x00015241      0x8ed ./Core/Src/main.o
 .debug_macro   0x00015b2e       0x83 ./Core/Src/main.o
 .debug_macro   0x00015bb1       0x6a ./Core/Src/main.o
 .debug_macro   0x00015c1b       0x16 ./Core/Src/main.o
 .debug_macro   0x00015c31       0xc4 ./Core/Src/main.o
 .debug_macro   0x00015cf5       0x2e ./Core/Src/main.o
 .debug_macro   0x00015d23      0x182 ./Core/Src/main.o
 .debug_macro   0x00015ea5       0xee ./Core/Src/main.o
 .debug_macro   0x00015f93       0x3a ./Core/Src/main.o
 .debug_macro   0x00015fcd       0x1f ./Core/Src/main.o
 .debug_macro   0x00015fec       0x12 ./Core/Src/main.o
 .debug_macro   0x00015ffe     0x112f ./Core/Src/main.o
 .debug_macro   0x0001712d       0xc3 ./Core/Src/main.o
 .debug_macro   0x000171f0      0x161 ./Core/Src/main.o
 .debug_macro   0x00017351       0x16 ./Core/Src/main.o
 .debug_macro   0x00017367       0x2e ./Core/Src/main.o
 .debug_macro   0x00017395      0x1b2 ./Core/Src/stm32f1xx_hal_msp.o
 .debug_macro   0x00017547      0x1a3 ./Core/Src/stm32f1xx_hal_timebase_tim.o
 .debug_macro   0x000176ea      0x1bc ./Core/Src/stm32f1xx_it.o
 .debug_macro   0x000178a6      0x1a3 ./Core/Src/system_stm32f1xx.o
 .debug_macro   0x00017a49      0x1c7 ./Drivers/STM32F1xx_HAL_Driver/Src/stm32f1xx_hal.o
 .debug_macro   0x00017c10      0x1b2 ./Drivers/STM32F1xx_HAL_Driver/Src/stm32f1xx_hal_can.o
 .debug_macro   0x00017dc2      0x1a3 ./Drivers/STM32F1xx_HAL_Driver/Src/stm32f1xx_hal_cortex.o
 .debug_macro   0x00017f65      0x20e ./Drivers/STM32F1xx_HAL_Driver/Src/stm32f1xx_hal_gpio.o
 .debug_macro   0x00018173      0x1b5 ./Drivers/STM32F1xx_HAL_Driver/Src/stm32f1xx_hal_rcc.o
 .debug_macro   0x00018328      0x1a4 ./Drivers/STM32F1xx_HAL_Driver/Src/stm32f1xx_hal_tim.o
 .debug_macro   0x000184cc      0x1a3 ./Drivers/STM32F1xx_HAL_Driver/Src/stm32f1xx_hal_tim_ex.o
 .debug_macro   0x0001866f      0x1a2 ./ThirdParty/FreeRTOS/list.o
 .debug_macro   0x00018811      0x2c6 ./ThirdParty/FreeRTOS/tasks.o
 .debug_macro   0x00018ad7       0x16 ./ThirdParty/FreeRTOS/tasks.o
 .debug_macro   0x00018aed       0x17 ./ThirdParty/FreeRTOS/tasks.o
 .debug_macro   0x00018b04      0x1ab ./ThirdParty/FreeRTOS/portable/GCC/ARM_CM3/port.o
 .debug_macro   0x00018caf      0x237 ./ThirdParty/FreeRTOS/portable/MemMang/heap_4.o
 .debug_macro   0x00018ee6      0x220 ./User/Src/can_handler.o
 .debug_macro   0x00019106       0x10 ./User/Src/can_handler.o
 .debug_macro   0x00019116      0x241 ./User/Src/sensor_task.o

.debug_line     0x00000000    0x10236
 .debug_line    0x00000000      0xbdf ./Core/Src/main.o
 .debug_line    0x00000bdf      0x828 ./Core/Src/stm32f1xx_hal_msp.o
 .debug_line    0x00001407      0x77e ./Core/Src/stm32f1xx_hal_timebase_tim.o
 .debug_line    0x00001b85      0x7d0 ./Core/Src/stm32f1xx_it.o
 .debug_line    0x00002355      0x77e ./Core/Src/system_stm32f1xx.o
 .debug_line    0x00002ad3       0x78 ./Core/Startup/startup_stm32f103rbtx.o
 .debug_line    0x00002b4b      0x9af ./Drivers/STM32F1xx_HAL_Driver/Src/stm32f1xx_hal.o
 .debug_line    0x000034fa     0x11a8 ./Drivers/STM32F1xx_HAL_Driver/Src/stm32f1xx_hal_can.o
 .debug_line    0x000046a2      0xb79 ./Drivers/STM32F1xx_HAL_Driver/Src/stm32f1xx_hal_cortex.o
 .debug_line    0x0000521b      0xa0c ./Drivers/STM32F1xx_HAL_Driver/Src/stm32f1xx_hal_gpio.o
 .debug_line    0x00005c27      0xe68 ./Drivers/STM32F1xx_HAL_Driver/Src/stm32f1xx_hal_rcc.o
 .debug_line    0x00006a8f     0x349d ./Drivers/STM32F1xx_HAL_Driver/Src/stm32f1xx_hal_tim.o
 .debug_line    0x00009f2c     0x1873 ./Drivers/STM32F1xx_HAL_Driver/Src/stm32f1xx_hal_tim_ex.o
 .debug_line    0x0000b79f      0x7dc ./ThirdParty/FreeRTOS/list.o
 .debug_line    0x0000bf7b     0x1bde ./ThirdParty/FreeRTOS/tasks.o
 .debug_line    0x0000db59      0x86d ./ThirdParty/FreeRTOS/portable/GCC/ARM_CM3/port.o
 .debug_line    0x0000e3c6      0xb7d ./ThirdParty/FreeRTOS/portable/MemMang/heap_4.o
 .debug_line    0x0000ef43      0x8a4 ./User/Src/can_handler.o
 .debug_line    0x0000f7e7      0xa4f ./User/Src/sensor_task.o

.debug_str      0x00000000    0x97efb
 .debug_str     0x00000000    0x97efb ./Core/Src/main.o
                              0x8fb54 (size before relaxing)
 .debug_str     0x00097efb        0x0 ./Core/Src/stm32f1xx_hal_msp.o
                              0x84923 (size before relaxing)
 .debug_str     0x00097efb        0x0 ./Core/Src/stm32f1xx_hal_timebase_tim.o
                              0x8459c (size before relaxing)
 .debug_str     0x00097efb        0x0 ./Core/Src/stm32f1xx_it.o
                              0x845c6 (size before relaxing)
 .debug_str     0x00097efb        0x0 ./Core/Src/system_stm32f1xx.o
                              0x83cd4 (size before relaxing)
 .debug_str     0x00097efb        0x0 ./Core/Startup/startup_stm32f103rbtx.o
                                 0x71 (size before relaxing)
 .debug_str     0x00097efb        0x0 ./Drivers/STM32F1xx_HAL_Driver/Src/stm32f1xx_hal.o
                              0x84407 (size before relaxing)
 .debug_str     0x00097efb        0x0 ./Drivers/STM32F1xx_HAL_Driver/Src/stm32f1xx_hal_can.o
                              0x844dc (size before relaxing)
 .debug_str     0x00097efb        0x0 ./Drivers/STM32F1xx_HAL_Driver/Src/stm32f1xx_hal_cortex.o
                              0x84353 (size before relaxing)
 .debug_str     0x00097efb        0x0 ./Drivers/STM32F1xx_HAL_Driver/Src/stm32f1xx_hal_gpio.o
                              0x8405a (size before relaxing)
 .debug_str     0x00097efb        0x0 ./Drivers/STM32F1xx_HAL_Driver/Src/stm32f1xx_hal_rcc.o
                              0x84103 (size before relaxing)
 .debug_str     0x00097efb        0x0 ./Drivers/STM32F1xx_HAL_Driver/Src/stm32f1xx_hal_tim.o
                              0x85105 (size before relaxing)
 .debug_str     0x00097efb        0x0 ./Drivers/STM32F1xx_HAL_Driver/Src/stm32f1xx_hal_tim_ex.o
                              0x84911 (size before relaxing)
 .debug_str     0x00097efb        0x0 ./ThirdParty/FreeRTOS/list.o
                              0x10b5e (size before relaxing)
 .debug_str     0x00097efb        0x0 ./ThirdParty/FreeRTOS/tasks.o
                              0x1412f (size before relaxing)
 .debug_str     0x00097efb        0x0 ./ThirdParty/FreeRTOS/portable/GCC/ARM_CM3/port.o
                               0xf555 (size before relaxing)
 .debug_str     0x00097efb        0x0 ./ThirdParty/FreeRTOS/portable/MemMang/heap_4.o
                              0x12764 (size before relaxing)
 .debug_str     0x00097efb        0x0 ./User/Src/can_handler.o
                              0x8cc63 (size before relaxing)
 .debug_str     0x00097efb        0x0 ./User/Src/sensor_task.o
                              0x8f32f (size before relaxing)

.comment        0x00000000       0x43
 .comment       0x00000000       0x43 ./Core/Src/main.o
                                 0x44 (size before relaxing)
 .comment       0x00000043        0x0 ./Core/Src/stm32f1xx_hal_msp.o
                                 0x44 (size before relaxing)
 .comment       0x00000043        0x0 ./Core/Src/stm32f1xx_hal_timebase_tim.o
                                 0x44 (size before relaxing)
 .comment       0x00000043        0x0 ./Core/Src/stm32f1xx_it.o
                                 0x44 (size before relaxing)
 .comment       0x00000043        0x0 ./Core/Src/system_stm32f1xx.o
                                 0x44 (size before relaxing)
 .comment       0x00000043        0x0 ./Drivers/STM32F1xx_HAL_Driver/Src/stm32f1xx_hal.o
                                 0x44 (size before relaxing)
 .comment       0x00000043        0x0 ./Drivers/STM32F1xx_HAL_Driver/Src/stm32f1xx_hal_can.o
                                 0x44 (size before relaxing)
 .comment       0x00000043        0x0 ./Drivers/STM32F1xx_HAL_Driver/Src/stm32f1xx_hal_cortex.o
                                 0x44 (size before relaxing)
 .comment       0x00000043        0x0 ./Drivers/STM32F1xx_HAL_Driver/Src/stm32f1xx_hal_gpio.o
                                 0x44 (size before relaxing)
 .comment       0x00000043        0x0 ./Drivers/STM32F1xx_HAL_Driver/Src/stm32f1xx_hal_rcc.o
                                 0x44 (size before relaxing)
 .comment       0x00000043        0x0 ./Drivers/STM32F1xx_HAL_Driver/Src/stm32f1xx_hal_tim.o
                                 0x44 (size before relaxing)
 .comment       0x00000043        0x0 ./Drivers/STM32F1xx_HAL_Driver/Src/stm32f1xx_hal_tim_ex.o
                                 0x44 (size before relaxing)
 .comment       0x00000043        0x0 ./ThirdParty/FreeRTOS/list.o
                                 0x44 (size before relaxing)
 .comment       0x00000043        0x0 ./ThirdParty/FreeRTOS/tasks.o
                                 0x44 (size before relaxing)
 .comment       0x00000043        0x0 ./ThirdParty/FreeRTOS/portable/GCC/ARM_CM3/port.o
                                 0x44 (size before relaxing)
 .comment       0x00000043        0x0 ./ThirdParty/FreeRTOS/portable/MemMang/heap_4.o
                                 0x44 (size before relaxing)
 .comment       0x00000043        0x0 ./User/Src/can_handler.o
                                 0x44 (size before relaxing)
 .comment       0x00000043        0x0 ./User/Src/sensor_task.o
                                 0x44 (size before relaxing)

.debug_frame    0x00000000     0x3998
 .debug_frame   0x00000000      0x13c ./Core/Src/main.o
 .debug_frame   0x0000013c       0xec ./Core/Src/stm32f1xx_hal_msp.o
 .debug_frame   0x00000228       0x74 ./Core/Src/stm32f1xx_hal_timebase_tim.o
 .debug_frame   0x0000029c      0x118 ./Core/Src/stm32f1xx_it.o
 .debug_frame   0x000003b4       0x58 ./Core/Src/system_stm32f1xx.o
 .debug_frame   0x0000040c      0x334 ./Drivers/STM32F1xx_HAL_Driver/Src/stm32f1xx_hal.o
 .debug_frame   0x00000740      0x5a0 ./Drivers/STM32F1xx_HAL_Driver/Src/stm32f1xx_hal_can.o
 .debug_frame   0x00000ce0      0x428 ./Drivers/STM32F1xx_HAL_Driver/Src/stm32f1xx_hal_cortex.o
 .debug_frame   0x00001108      0x14c ./Drivers/STM32F1xx_HAL_Driver/Src/stm32f1xx_hal_gpio.o
 .debug_frame   0x00001254      0x218 ./Drivers/STM32F1xx_HAL_Driver/Src/stm32f1xx_hal_rcc.o
 .debug_frame   0x0000146c     0x11b8 ./Drivers/STM32F1xx_HAL_Driver/Src/stm32f1xx_hal_tim.o
 .debug_frame   0x00002624      0x638 ./Drivers/STM32F1xx_HAL_Driver/Src/stm32f1xx_hal_tim_ex.o
 .debug_frame   0x00002c5c       0xd8 ./ThirdParty/FreeRTOS/list.o
 .debug_frame   0x00002d34      0x7ac ./ThirdParty/FreeRTOS/tasks.o
 .debug_frame   0x000034e0      0x198 ./ThirdParty/FreeRTOS/portable/GCC/ARM_CM3/port.o
 .debug_frame   0x00003678      0x194 ./ThirdParty/FreeRTOS/portable/MemMang/heap_4.o
 .debug_frame   0x0000380c       0x34 ./User/Src/can_handler.o
 .debug_frame   0x00003840      0x10c ./User/Src/sensor_task.o
 .debug_frame   0x0000394c       0x20 C:/ST/STM32CubeIDE_2.0.0/STM32CubeIDE/plugins/com.st.stm32cube.ide.mcu.externaltools.gnu-tools-for-stm32.13.3.rel1.win32_1.0.100.202509120712/tools/bin/../lib/gcc/arm-none-eabi/13.3.1/../../../../arm-none-eabi/lib/thumb/v7-m/nofp\libc_nano.a(libc_a-memset.o)
 .debug_frame   0x0000396c       0x2c C:/ST/STM32CubeIDE_2.0.0/STM32CubeIDE/plugins/com.st.stm32cube.ide.mcu.externaltools.gnu-tools-for-stm32.13.3.rel1.win32_1.0.100.202509120712/tools/bin/../lib/gcc/arm-none-eabi/13.3.1/../../../../arm-none-eabi/lib/thumb/v7-m/nofp\libc_nano.a(libc_a-init.o)

.debug_line_str
                0x00000000       0x55
 .debug_line_str
                0x00000000       0x55 ./Core/Startup/startup_stm32f103rbtx.o
