Archive member included to satisfy reference by file (symbol)

C:/ST/STM32CubeIDE_1.18.0/STM32CubeIDE/plugins/com.st.stm32cube.ide.mcu.externaltools.gnu-tools-for-stm32.13.3.rel1.win32_1.0.0.202411081344/tools/bin/../lib/gcc/arm-none-eabi/13.3.1/../../../../arm-none-eabi/lib/thumb/v7-m/nofp\libc_nano.a(libc_a-exit.o)
                              C:/ST/STM32CubeIDE_1.18.0/STM32CubeIDE/plugins/com.st.stm32cube.ide.mcu.externaltools.gnu-tools-for-stm32.13.3.rel1.win32_1.0.0.202411081344/tools/bin/../lib/gcc/arm-none-eabi/13.3.1/../../../../arm-none-eabi/lib/thumb/v7-m/nofp/crt0.o (exit)
C:/ST/STM32CubeIDE_1.18.0/STM32CubeIDE/plugins/com.st.stm32cube.ide.mcu.externaltools.gnu-tools-for-stm32.13.3.rel1.win32_1.0.0.202411081344/tools/bin/../lib/gcc/arm-none-eabi/13.3.1/../../../../arm-none-eabi/lib/thumb/v7-m/nofp\libc_nano.a(libc_a-findfp.o)
                              C:/ST/STM32CubeIDE_1.18.0/STM32CubeIDE/plugins/com.st.stm32cube.ide.mcu.externaltools.gnu-tools-for-stm32.13.3.rel1.win32_1.0.0.202411081344/tools/bin/../lib/gcc/arm-none-eabi/13.3.1/../../../../arm-none-eabi/lib/thumb/v7-m/nofp\libc_nano.a(libc_a-exit.o) (__stdio_exit_handler)
C:/ST/STM32CubeIDE_1.18.0/STM32CubeIDE/plugins/com.st.stm32cube.ide.mcu.externaltools.gnu-tools-for-stm32.13.3.rel1.win32_1.0.0.202411081344/tools/bin/../lib/gcc/arm-none-eabi/13.3.1/../../../../arm-none-eabi/lib/thumb/v7-m/nofp\libc_nano.a(libc_a-fwalk.o)
                              C:/ST/STM32CubeIDE_1.18.0/STM32CubeIDE/plugins/com.st.stm32cube.ide.mcu.externaltools.gnu-tools-for-stm32.13.3.rel1.win32_1.0.0.202411081344/tools/bin/../lib/gcc/arm-none-eabi/13.3.1/../../../../arm-none-eabi/lib/thumb/v7-m/nofp\libc_nano.a(libc_a-findfp.o) (_fwalk_sglue)
C:/ST/STM32CubeIDE_1.18.0/STM32CubeIDE/plugins/com.st.stm32cube.ide.mcu.externaltools.gnu-tools-for-stm32.13.3.rel1.win32_1.0.0.202411081344/tools/bin/../lib/gcc/arm-none-eabi/13.3.1/../../../../arm-none-eabi/lib/thumb/v7-m/nofp\libc_nano.a(libc_a-stdio.o)
                              C:/ST/STM32CubeIDE_1.18.0/STM32CubeIDE/plugins/com.st.stm32cube.ide.mcu.externaltools.gnu-tools-for-stm32.13.3.rel1.win32_1.0.0.202411081344/tools/bin/../lib/gcc/arm-none-eabi/13.3.1/../../../../arm-none-eabi/lib/thumb/v7-m/nofp\libc_nano.a(libc_a-findfp.o) (__sread)
C:/ST/STM32CubeIDE_1.18.0/STM32CubeIDE/plugins/com.st.stm32cube.ide.mcu.externaltools.gnu-tools-for-stm32.13.3.rel1.win32_1.0.0.202411081344/tools/bin/../lib/gcc/arm-none-eabi/13.3.1/../../../../arm-none-eabi/lib/thumb/v7-m/nofp\libc_nano.a(libc_a-memset.o)
                              C:/ST/STM32CubeIDE_1.18.0/STM32CubeIDE/plugins/com.st.stm32cube.ide.mcu.externaltools.gnu-tools-for-stm32.13.3.rel1.win32_1.0.0.202411081344/tools/bin/../lib/gcc/arm-none-eabi/13.3.1/../../../../arm-none-eabi/lib/thumb/v7-m/nofp/crt0.o (memset)
C:/ST/STM32CubeIDE_1.18.0/STM32CubeIDE/plugins/com.st.stm32cube.ide.mcu.externaltools.gnu-tools-for-stm32.13.3.rel1.win32_1.0.0.202411081344/tools/bin/../lib/gcc/arm-none-eabi/13.3.1/../../../../arm-none-eabi/lib/thumb/v7-m/nofp\libc_nano.a(libc_a-closer.o)
                              C:/ST/STM32CubeIDE_1.18.0/STM32CubeIDE/plugins/com.st.stm32cube.ide.mcu.externaltools.gnu-tools-for-stm32.13.3.rel1.win32_1.0.0.202411081344/tools/bin/../lib/gcc/arm-none-eabi/13.3.1/../../../../arm-none-eabi/lib/thumb/v7-m/nofp\libc_nano.a(libc_a-stdio.o) (_close_r)
C:/ST/STM32CubeIDE_1.18.0/STM32CubeIDE/plugins/com.st.stm32cube.ide.mcu.externaltools.gnu-tools-for-stm32.13.3.rel1.win32_1.0.0.202411081344/tools/bin/../lib/gcc/arm-none-eabi/13.3.1/../../../../arm-none-eabi/lib/thumb/v7-m/nofp\libc_nano.a(libc_a-reent.o)
                              C:/ST/STM32CubeIDE_1.18.0/STM32CubeIDE/plugins/com.st.stm32cube.ide.mcu.externaltools.gnu-tools-for-stm32.13.3.rel1.win32_1.0.0.202411081344/tools/bin/../lib/gcc/arm-none-eabi/13.3.1/../../../../arm-none-eabi/lib/thumb/v7-m/nofp\libc_nano.a(libc_a-closer.o) (errno)
C:/ST/STM32CubeIDE_1.18.0/STM32CubeIDE/plugins/com.st.stm32cube.ide.mcu.externaltools.gnu-tools-for-stm32.13.3.rel1.win32_1.0.0.202411081344/tools/bin/../lib/gcc/arm-none-eabi/13.3.1/../../../../arm-none-eabi/lib/thumb/v7-m/nofp\libc_nano.a(libc_a-impure.o)
                              C:/ST/STM32CubeIDE_1.18.0/STM32CubeIDE/plugins/com.st.stm32cube.ide.mcu.externaltools.gnu-tools-for-stm32.13.3.rel1.win32_1.0.0.202411081344/tools/bin/../lib/gcc/arm-none-eabi/13.3.1/../../../../arm-none-eabi/lib/thumb/v7-m/nofp\libc_nano.a(libc_a-reent.o) (_impure_ptr)
C:/ST/STM32CubeIDE_1.18.0/STM32CubeIDE/plugins/com.st.stm32cube.ide.mcu.externaltools.gnu-tools-for-stm32.13.3.rel1.win32_1.0.0.202411081344/tools/bin/../lib/gcc/arm-none-eabi/13.3.1/../../../../arm-none-eabi/lib/thumb/v7-m/nofp\libc_nano.a(libc_a-lseekr.o)
[...]
Memory Configuration

Name             Origin             Length             Attributes
RAM              0x20000000         0x00005000         xrw
FLASH            0x08000000         0x00020000         xr
*default*        0x00000000         0xffffffff

Linker script and memory map

LOAD C:/ST/STM32CubeIDE_1.18.0/STM32CubeIDE/plugins/com.st.stm32cube.ide.mcu.externaltools.gnu-tools-for-stm32.13.3.rel1.win32_1.0.0.202411081344/tools/bin/../lib/gcc/arm-none-eabi/13.3.1/thumb/v7-m/nofp/crti.o
LOAD C:/ST/STM32CubeIDE_1.18.0/STM32CubeIDE/plugins/com.st.stm32cube.ide.mcu.externaltools.gnu-tools-for-stm32.13.3.rel1.win32_1.0.0.202411081344/tools/bin/../lib/gcc/arm-none-eabi/13.3.1/thumb/v7-m/nofp/crtbegin.o
LOAD C:/ST/STM32CubeIDE_1.18.0/STM32CubeIDE/plugins/com.st.stm32cube.ide.mcu.externaltools.gnu-tools-for-stm32.13.3.rel1.win32_1.0.0.202411081344/tools/bin/../lib/gcc/arm-none-eabi/13.3.1/../../../../arm-none-eabi/lib/thumb/v7-m/nofp/crt0.o
LOAD ./Core/Src/main.o
LOAD ./Core/Src/stm32f1xx_hal_msp.o
LOAD ./Core/Src/stm32f1xx_hal_timebase_tim.o
LOAD ./Core/Src/stm32f1xx_it.o
LOAD ./Core/Src/syscalls.o
LOAD ./Core/Src/sysmem.o
LOAD ./Core/Src/system_stm32f1xx.o
LOAD ./Core/Startup/startup_stm32f103rbtx.o
LOAD ./Drivers/STM32F1xx_HAL_Driver/Src/stm32f1xx_hal.o
LOAD ./Drivers/STM32F1xx_HAL_Driver/Src/stm32f1xx_hal_can.o
LOAD ./Drivers/STM32F1xx_HAL_Driver/Src/stm32f1xx_hal_cortex.o
LOAD ./Drivers/STM32F1xx_HAL_Driver/Src/stm32f1xx_hal_dma.o
LOAD ./Drivers/STM32F1xx_HAL_Driver/Src/stm32f1xx_hal_exti.o
LOAD ./Drivers/STM32F1xx_HAL_Driver/Src/stm32f1xx_hal_flash.o
LOAD ./Drivers/STM32F1xx_HAL_Driver/Src/stm32f1xx_hal_flash_ex.o
LOAD ./Drivers/STM32F1xx_HAL_Driver/Src/stm32f1xx_hal_gpio.o
LOAD ./Drivers/STM32F1xx_HAL_Driver/Src/stm32f1xx_hal_gpio_ex.o
LOAD ./Drivers/STM32F1xx_HAL_Driver/Src/stm32f1xx_hal_pwr.o
LOAD ./Drivers/STM32F1xx_HAL_Driver/Src/stm32f1xx_hal_rcc.o
LOAD ./Drivers/STM32F1xx_HAL_Driver/Src/stm32f1xx_hal_rcc_ex.o
LOAD ./Drivers/STM32F1xx_HAL_Driver/Src/stm32f1xx_hal_tim.o
LOAD ./Drivers/STM32F1xx_HAL_Driver/Src/stm32f1xx_hal_tim_ex.o
LOAD ./ThirdParty/FreeRTOS/croutine.o
LOAD ./ThirdParty/FreeRTOS/event_groups.o
LOAD ./ThirdParty/FreeRTOS/list.o
LOAD ./ThirdParty/FreeRTOS/queue.o
LOAD ./ThirdParty/FreeRTOS/stream_buffer.o
LOAD ./ThirdParty/FreeRTOS/tasks.o
LOAD ./ThirdParty/FreeRTOS/timers.o
LOAD ./ThirdParty/FreeRTOS/portable/GCC/ARM_CM3/port.o
LOAD ./ThirdParty/FreeRTOS/portable/MemMang/heap_4.o
LOAD ./User/Src/can_handler.o
LOAD ./User/Src/guidance_task.o
LOAD ./User/Src/sensor_task.o
START GROUP
LOAD C:/ST/STM32CubeIDE_1.18.0/STM32CubeIDE/plugins/com.st.stm32cube.ide.mcu.externaltools.gnu-tools-for-stm32.13.3.rel1.win32_1.0.0.202411081344/tools/bin/../lib/gcc/arm-none-eabi/13.3.1/../../../../arm-none-eabi/lib/thumb/v7-m/nofp\libc_nano.a
LOAD C:/ST/STM32CubeIDE_1.18.0/STM32CubeIDE/plugins/com.st.stm32cube.ide.mcu.externaltools.gnu-tools-for-stm32.13.3.rel1.win32_1.0.0.202411081344/tools/bin/../lib/gcc/arm-none-eabi/13.3.1/../../../../arm-none-eabi/lib/thumb/v7-m/nofp\libm.a
END GROUP
START GROUP
LOAD C:/ST/STM32CubeIDE_1.18.0/STM32CubeIDE/plugins/com.st.stm32cube.ide.mcu.externaltools.gnu-tools-for-stm32.13.3.rel1.win32_1.0.0.202411081344/tools/bin/../lib/gcc/arm-none-eabi/13.3.1/thumb/v7-m/nofp\libgcc.a
LOAD C:/ST/STM32CubeIDE_1.18.0/STM32CubeIDE/plugins/com.st.stm32cube.ide.mcu.externaltools.gnu-tools-for-stm32.13.3.rel1.win32_1.0.0.202411081344/tools/bin/../lib/gcc/arm-none-eabi/13.3.1/../../../../arm-none-eabi/lib/thumb/v7-m/nofp\libc_nano.a
END GROUP
START GROUP
LOAD C:/ST/STM32CubeIDE_1.18.0/STM32CubeIDE/plugins/com.st.stm32cube.ide.mcu.externaltools.gnu-tools-for-stm32.13.3.rel1.win32_1.0.0.202411081344/tools/bin/../lib/gcc/arm-none-eabi/13.3.1/thumb/v7-m/nofp\libgcc.a
LOAD C:/ST/STM32CubeIDE_1.18.0/STM32CubeIDE/plugins/com.st.stm32cube.ide.mcu.externaltools.gnu-tools-for-stm32.13.3.rel1.win32_1.0.0.202411081344/tools/bin/../lib/gcc/arm-none-eabi/13.3.1/../../../../arm-none-eabi/lib/thumb/v7-m/nofp\libc_nano.a
LOAD C:/ST/STM32CubeIDE_1.18.0/STM32CubeIDE/plugins/com.st.stm32cube.ide.mcu.externaltools.gnu-tools-for-stm32.13.3.rel1.win32_1.0.0.202411081344/tools/bin/../lib/gcc/arm-none-eabi/13.3.1/../../../../arm-none-eabi/lib/thumb/v7-m/nofp\libnosys.a
END GROUP
START GROUP
LOAD C:/ST/STM32CubeIDE_1.18.0/STM32CubeIDE/plugins/com.st.stm32cube.ide.mcu.externaltools.gnu-tools-for-stm32.13.3.rel1.win32_1.0.0.202411081344/tools/bin/../lib/gcc/arm-none-eabi/13.3.1/thumb/v7-m/nofp\libgcc.a
LOAD C:/ST/STM32CubeIDE_1.18.0/STM32CubeIDE/plugins/com.st.stm32cube.ide.mcu.externaltools.gnu-tools-for-stm32.13.3.rel1.win32_1.0.0.202411081344/tools/bin/../lib/gcc/arm-none-eabi/13.3.1/../../../../arm-none-eabi/lib/thumb/v7-m/nofp\libc_nano.a
LOAD C:/ST/STM32CubeIDE_1.18.0/STM32CubeIDE/plugins/com.st.stm32cube.ide.mcu.externaltools.gnu-tools-for-stm32.13.3.rel1.win32_1.0.0.202411081344/tools/bin/../lib/gcc/arm-none-eabi/13.3.1/../../../../arm-none-eabi/lib/thumb/v7-m/nofp\libnosys.a
END GROUP
LOAD C:/ST/STM32CubeIDE_1.18.0/STM32CubeIDE/plugins/com.st.stm32cube.ide.mcu.externaltools.gnu-tools-for-stm32.13.3.rel1.win32_1.0.0.202411081344/tools/bin/../lib/gcc/arm-none-eabi/13.3.1/thumb/v7-m/nofp/crtend.o
LOAD C:/ST/STM32CubeIDE_1.18.0/STM32CubeIDE/plugins/com.st.stm32cube.ide.mcu.externaltools.gnu-tools-for-stm32.13.3.rel1.win32_1.0.0.202411081344/tools/bin/../lib/gcc/arm-none-eabi/13.3.1/thumb/v7-m/nofp/crtn.o
                0x20005000                        _estack = (ORIGIN (RAM) + LENGTH (RAM))
                0x00000200                        _Min_Heap_Size = 0x200
                0x00000400                        _Min_Stack_Size = 0x400

.isr_vector     0x08000000      0x10c
                0x08000000                        . = ALIGN (0x4)
 *(.isr_vector)
 .isr_vector    0x08000000      0x10c ./Core/Startup/startup_stm32f103rbtx.o
                0x08000000                g_pfnVectors
                0x0800010c                        . = ALIGN (0x4)

.text           0x0800010c     0x66f4
                0x0800010c                        . = ALIGN (0x4)
 *(.text)
 .text          0x0800010c       0x40 C:/ST/STM32CubeIDE_1.18.0/STM32CubeIDE/plugins/com.st.stm32cube.ide.mcu.externaltools.gnu-tools-for-stm32.13.3.rel1.win32_1.0.0.202411081344/tools/bin/../lib/gcc/arm-none-eabi/13.3.1/thumb/v7-m/nofp/crtbegin.o
 *(.text*)
 .text.main     0x0800014c      0x100 ./Core/Src/main.o
                0x0800014c                main
 .text.SystemClock_Config
                0x0800024c       0x82 ./Core/Src/main.o
                0x0800024c                SystemClock_Config
 *fill*         0x080002ce        0x2 
 .text.MX_CAN_Init
                0x080002d0       0x70 ./Core/Src/main.o
 .text.MX_TIM1_Init
                0x08000340      0x140 ./Core/Src/main.o
 .text.MX_TIM3_Init
                0x08000480       0xec ./Core/Src/main.o
 .text.MX_TIM4_Init
                0x0800056c      0x13c ./Core/Src/main.o
 .text.MX_GPIO_Init
                0x080006a8       0xec ./Core/Src/main.o
 .text.HAL_FilterConfiguration
                0x08000794       0x40 ./Core/Src/main.o
                0x08000794                HAL_FilterConfiguration
 .text.HAL_TIM_PeriodElapsedCallback
                0x080007d4       0x1e ./Core/Src/main.o
                0x080007d4                HAL_TIM_PeriodElapsedCallback
 .text.Error_Handler
                0x080007f2        0xc ./Core/Src/main.o
                0x080007f2                Error_Handler
 *fill*         0x080007fe        0x2 
 .text.HAL_MspInit
                0x08000800       0x68 ./Core/Src/stm32f1xx_hal_msp.o
                0x08000800                HAL_MspInit
 .text.HAL_CAN_MspInit
                0x08000868       0xa8 ./Core/Src/stm32f1xx_hal_msp.o
                0x08000868                HAL_CAN_MspInit
 .text.HAL_TIM_Base_MspInit
                0x08000910       0xdc ./Core/Src/stm32f1xx_hal_msp.o
                0x08000910                HAL_TIM_Base_MspInit
 .text.HAL_TIM_MspPostInit
                0x080009ec       0xa8 ./Core/Src/stm32f1xx_hal_msp.o
                0x080009ec                HAL_TIM_MspPostInit
 .text.HAL_InitTick
                0x08000a94       0xf8 ./Core/Src/stm32f1xx_hal_timebase_tim.o
                0x08000a94                HAL_InitTick
 .text.NMI_Handler
                0x08000b8c        0x8 ./Core/Src/stm32f1xx_it.o
                0x08000b8c                NMI_Handler
 .text.HardFault_Handler
                0x08000b94        0x8 ./Core/Src/stm32f1xx_it.o
                0x08000b94                HardFault_Handler
 .text.MemManage_Handler
                0x08000b9c        0x8 ./Core/Src/stm32f1xx_it.o
                0x08000b9c                MemManage_Handler
 .text.BusFault_Handler
                0x08000ba4        0x8 ./Core/Src/stm32f1xx_it.o
                0x08000ba4                BusFault_Handler
 .text.UsageFault_Handler
                0x08000bac        0x8 ./Core/Src/stm32f1xx_it.o
                0x08000bac                UsageFault_Handler
 .text.DebugMon_Handler
                0x08000bb4        0xc ./Core/Src/stm32f1xx_it.o
                0x08000bb4                DebugMon_Handler
 .text.CAN1_RX1_IRQHandler
                0x08000bc0       0x14 ./Core/Src/stm32f1xx_it.o
                0x08000bc0                CAN1_RX1_IRQHandler
 .text.TIM2_IRQHandler
                0x08000bd4       0x14 ./Core/Src/stm32f1xx_it.o
                0x08000bd4                TIM2_IRQHandler
 .text.TIM4_IRQHandler
                0x08000be8       0x14 ./Core/Src/stm32f1xx_it.o
                0x08000be8                TIM4_IRQHandler
 .text.SystemInit
                0x08000bfc        0xc ./Core/Src/system_stm32f1xx.o
                0x08000bfc                SystemInit
 .text.Reset_Handler
                0x08000c08       0x48 ./Core/Startup/startup_stm32f103rbtx.o
                0x08000c08                Reset_Handler
 .text.Default_Handler
                0x08000c50        0x2 ./Core/Startup/startup_stm32f103rbtx.o
                0x08000c50                RTC_Alarm_IRQHandler
                0x08000c50                EXTI2_IRQHandler
                0x08000c50                TIM1_CC_IRQHandler
                0x08000c50                PVD_IRQHandler
                0x08000c50                EXTI3_IRQHandler
                0x08000c50                EXTI0_IRQHandler
                0x08000c50                I2C2_EV_IRQHandler
                0x08000c50                ADC1_2_IRQHandler
                0x08000c50                SPI1_IRQHandler
                0x08000c50                TAMPER_IRQHandler
                0x08000c50                DMA1_Channel4_IRQHandler
                0x08000c50                USART3_IRQHandler
                0x08000c50                RTC_IRQHandler
                0x08000c50                DMA1_Channel7_IRQHandler
                0x08000c50                I2C1_EV_IRQHandler
                0x08000c50                DMA1_Channel6_IRQHandler
                0x08000c50                TIM3_IRQHandler
                0x08000c50                RCC_IRQHandler
                0x08000c50                TIM1_TRG_COM_IRQHandler
                0x08000c50                DMA1_Channel1_IRQHandler
                0x08000c50                Default_Handler
                0x08000c50                EXTI15_10_IRQHandler
                0x08000c50                EXTI9_5_IRQHandler
                0x08000c50                SPI2_IRQHandler
                0x08000c50                DMA1_Channel5_IRQHandler
                0x08000c50                EXTI4_IRQHandler
                0x08000c50                USB_LP_CAN1_RX0_IRQHandler
                0x08000c50                USB_HP_CAN1_TX_IRQHandler
                0x08000c50                DMA1_Channel3_IRQHandler
                0x08000c50                TIM1_UP_IRQHandler
                0x08000c50                WWDG_IRQHandler
                0x08000c50                TIM1_BRK_IRQHandler
                0x08000c50                EXTI1_IRQHandler
                0x08000c50                USART2_IRQHandler
                0x08000c50                I2C2_ER_IRQHandler
                0x08000c50                DMA1_Channel2_IRQHandler
                0x08000c50                CAN1_SCE_IRQHandler
                0x08000c50                FLASH_IRQHandler
                0x08000c50                USART1_IRQHandler
                0x08000c50                I2C1_ER_IRQHandler
                0x08000c50                USBWakeUp_IRQHandler
 *fill*         0x08000c52        0x2 
 .text.HAL_Init
                0x08000c54       0x2c ./Drivers/STM32F1xx_HAL_Driver/Src/stm32f1xx_hal.o
                0x08000c54                HAL_Init
 .text.HAL_IncTick
                0x08000c80       0x24 ./Drivers/STM32F1xx_HAL_Driver/Src/stm32f1xx_hal.o
                0x08000c80                HAL_IncTick
 .text.HAL_GetTick
                0x08000ca4       0x14 ./Drivers/STM32F1xx_HAL_Driver/Src/stm32f1xx_hal.o
                0x08000ca4                HAL_GetTick
 .text.HAL_CAN_Init
                0x08000cb8      0x1f6 ./Drivers/STM32F1xx_HAL_Driver/Src/stm32f1xx_hal_can.o
                0x08000cb8                HAL_CAN_Init
 .text.HAL_CAN_ConfigFilter
                0x08000eae      0x192 ./Drivers/STM32F1xx_HAL_Driver/Src/stm32f1xx_hal_can.o
                0x08000eae                HAL_CAN_ConfigFilter
 .text.HAL_CAN_AddTxMessage
                0x08001040      0x19e ./Drivers/STM32F1xx_HAL_Driver/Src/stm32f1xx_hal_can.o
                0x08001040                HAL_CAN_AddTxMessage
 .text.HAL_CAN_GetRxMessage
                0x080011de      0x242 ./Drivers/STM32F1xx_HAL_Driver/Src/stm32f1xx_hal_can.o
                0x080011de                HAL_CAN_GetRxMessage
 .text.HAL_CAN_IRQHandler
                0x08001420      0x36e ./Drivers/STM32F1xx_HAL_Driver/Src/stm32f1xx_hal_can.o
                0x08001420                HAL_CAN_IRQHandler
 .text.HAL_CAN_TxMailbox0CompleteCallback
                0x0800178e       0x12 ./Drivers/STM32F1xx_HAL_Driver/Src/stm32f1xx_hal_can.o
                0x0800178e                HAL_CAN_TxMailbox0CompleteCallback
 .text.HAL_CAN_TxMailbox1CompleteCallback
                0x080017a0       0x12 ./Drivers/STM32F1xx_HAL_Driver/Src/stm32f1xx_hal_can.o
                0x080017a0                HAL_CAN_TxMailbox1CompleteCallback
 .text.HAL_CAN_TxMailbox2CompleteCallback
                0x080017b2       0x12 ./Drivers/STM32F1xx_HAL_Driver/Src/stm32f1xx_hal_can.o
                0x080017b2                HAL_CAN_TxMailbox2CompleteCallback
 .text.HAL_CAN_TxMailbox0AbortCallback
                0x080017c4       0x12 ./Drivers/STM32F1xx_HAL_Driver/Src/stm32f1xx_hal_can.o
                0x080017c4                HAL_CAN_TxMailbox0AbortCallback
 .text.HAL_CAN_TxMailbox1AbortCallback
                0x080017d6       0x12 ./Drivers/STM32F1xx_HAL_Driver/Src/stm32f1xx_hal_can.o
                0x080017d6                HAL_CAN_TxMailbox1AbortCallback
 .text.HAL_CAN_TxMailbox2AbortCallback
                0x080017e8       0x12 ./Drivers/STM32F1xx_HAL_Driver/Src/stm32f1xx_hal_can.o
                0x080017e8                HAL_CAN_TxMailbox2AbortCallback
 .text.HAL_CAN_RxFifo0FullCallback
                0x080017fa       0x12 ./Drivers/STM32F1xx_HAL_Driver/Src/stm32f1xx_hal_can.o
                0x080017fa                HAL_CAN_RxFifo0FullCallback
 .text.HAL_CAN_RxFifo1MsgPendingCallback
                0x0800180c       0x12 ./Drivers/STM32F1xx_HAL_Driver/Src/stm32f1xx_hal_can.o
                0x0800180c                HAL_CAN_RxFifo1MsgPendingCallback
 .text.HAL_CAN_RxFifo1FullCallback
                0x0800181e       0x12 ./Drivers/STM32F1xx_HAL_Driver/Src/stm32f1xx_hal_can.o
                0x0800181e                HAL_CAN_RxFifo1FullCallback
 .text.HAL_CAN_SleepCallback
                0x08001830       0x12 ./Drivers/STM32F1xx_HAL_Driver/Src/stm32f1xx_hal_can.o
                0x08001830                HAL_CAN_SleepCallback
 .text.HAL_CAN_WakeUpFromRxMsgCallback
                0x08001842       0x12 ./Drivers/STM32F1xx_HAL_Driver/Src/stm32f1xx_hal_can.o
                0x08001842                HAL_CAN_WakeUpFromRxMsgCallback
 .text.HAL_CAN_ErrorCallback
                0x08001854       0x12 ./Drivers/STM32F1xx_HAL_Driver/Src/stm32f1xx_hal_can.o
                0x08001854                HAL_CAN_ErrorCallback
 *fill*         0x08001866        0x2 
 .text.__NVIC_SetPriorityGrouping
                0x08001868       0x48 ./Drivers/STM32F1xx_HAL_Driver/Src/stm32f1xx_hal_cortex.o
 .text.__NVIC_GetPriorityGrouping
                0x080018b0       0x1c ./Drivers/STM32F1xx_HAL_Driver/Src/stm32f1xx_hal_cortex.o
 .text.__NVIC_EnableIRQ
                0x080018cc       0x38 ./Drivers/STM32F1xx_HAL_Driver/Src/stm32f1xx_hal_cortex.o
 .text.__NVIC_SetPriority
                0x08001904       0x54 ./Drivers/STM32F1xx_HAL_Driver/Src/stm32f1xx_hal_cortex.o
 .text.NVIC_EncodePriority
                0x08001958       0x64 ./Drivers/STM32F1xx_HAL_Driver/Src/stm32f1xx_hal_cortex.o
 .text.HAL_NVIC_SetPriorityGrouping
                0x080019bc       0x16 ./Drivers/STM32F1xx_HAL_Driver/Src/stm32f1xx_hal_cortex.o
                0x080019bc                HAL_NVIC_SetPriorityGrouping
 .text.HAL_NVIC_SetPriority
                0x080019d2       0x38 ./Drivers/STM32F1xx_HAL_Driver/Src/stm32f1xx_hal_cortex.o
                0x080019d2                HAL_NVIC_SetPriority
 .text.HAL_NVIC_EnableIRQ
                0x08001a0a       0x1c ./Drivers/STM32F1xx_HAL_Driver/Src/stm32f1xx_hal_cortex.o
                0x08001a0a                HAL_NVIC_EnableIRQ
 *fill*         0x08001a26        0x2 
 .text.HAL_GPIO_Init
                0x08001a28      0x308 ./Drivers/STM32F1xx_HAL_Driver/Src/stm32f1xx_hal_gpio.o
                0x08001a28                HAL_GPIO_Init
 .text.HAL_GPIO_WritePin
                0x08001d30       0x30 ./Drivers/STM32F1xx_HAL_Driver/Src/stm32f1xx_hal_gpio.o
                0x08001d30                HAL_GPIO_WritePin
 .text.HAL_GPIO_TogglePin
                0x08001d60       0x32 ./Drivers/STM32F1xx_HAL_Driver/Src/stm32f1xx_hal_gpio.o
                0x08001d60                HAL_GPIO_TogglePin
 *fill*         0x08001d92        0x2 
 .text.HAL_RCC_OscConfig
                0x08001d94      0x504 ./Drivers/STM32F1xx_HAL_Driver/Src/stm32f1xx_hal_rcc.o
                0x08001d94                HAL_RCC_OscConfig
 .text.HAL_RCC_ClockConfig
                0x08002298      0x1d4 ./Drivers/STM32F1xx_HAL_Driver/Src/stm32f1xx_hal_rcc.o
                0x08002298                HAL_RCC_ClockConfig
 .text.HAL_RCC_GetSysClockFreq
                0x0800246c       0xa8 ./Drivers/STM32F1xx_HAL_Driver/Src/stm32f1xx_hal_rcc.o
                0x0800246c                HAL_RCC_GetSysClockFreq
 .text.HAL_RCC_GetHCLKFreq
                0x08002514       0x14 ./Drivers/STM32F1xx_HAL_Driver/Src/stm32f1xx_hal_rcc.o
                0x08002514                HAL_RCC_GetHCLKFreq
 .text.HAL_RCC_GetPCLK1Freq
                0x08002528       0x28 ./Drivers/STM32F1xx_HAL_Driver/Src/stm32f1xx_hal_rcc.o
                0x08002528                HAL_RCC_GetPCLK1Freq
 .text.HAL_RCC_GetClockConfig
                0x08002550       0x60 ./Drivers/STM32F1xx_HAL_Driver/Src/stm32f1xx_hal_rcc.o
                0x08002550                HAL_RCC_GetClockConfig
 .text.RCC_Delay
                0x080025b0       0x3c ./Drivers/STM32F1xx_HAL_Driver/Src/stm32f1xx_hal_rcc.o
 .text.HAL_TIM_Base_Init
                0x080025ec       0x9e ./Drivers/STM32F1xx_HAL_Driver/Src/stm32f1xx_hal_tim.o
                0x080025ec                HAL_TIM_Base_Init
 *fill*         0x0800268a        0x2 
 .text.HAL_TIM_Base_Start_IT
                0x0800268c       0xa4 ./Drivers/STM32F1xx_HAL_Driver/Src/stm32f1xx_hal_tim.o
                0x0800268c                HAL_TIM_Base_Start_IT
 .text.HAL_TIM_PWM_Init
                0x08002730       0x9e ./Drivers/STM32F1xx_HAL_Driver/Src/stm32f1xx_hal_tim.o
                0x08002730                HAL_TIM_PWM_Init
 .text.HAL_TIM_PWM_MspInit
                0x080027ce       0x12 ./Drivers/STM32F1xx_HAL_Driver/Src/stm32f1xx_hal_tim.o
                0x080027ce                HAL_TIM_PWM_MspInit
 .text.HAL_TIM_PWM_Start
                0x080027e0      0x144 ./Drivers/STM32F1xx_HAL_Driver/Src/stm32f1xx_hal_tim.o
                0x080027e0                HAL_TIM_PWM_Start
 .text.HAL_TIM_IC_Init
                0x08002924       0x9e ./Drivers/STM32F1xx_HAL_Driver/Src/stm32f1xx_hal_tim.o
                0x08002924                HAL_TIM_IC_Init
 .text.HAL_TIM_IC_MspInit
                0x080029c2       0x12 ./Drivers/STM32F1xx_HAL_Driver/Src/stm32f1xx_hal_tim.o
                0x080029c2                HAL_TIM_IC_MspInit
 .text.HAL_TIM_IC_Start
                0x080029d4      0x180 ./Drivers/STM32F1xx_HAL_Driver/Src/stm32f1xx_hal_tim.o
                0x080029d4                HAL_TIM_IC_Start
 .text.HAL_TIM_IC_Start_IT
                0x08002b54      0x218 ./Drivers/STM32F1xx_HAL_Driver/Src/stm32f1xx_hal_tim.o
                0x08002b54                HAL_TIM_IC_Start_IT
 .text.HAL_TIM_IRQHandler
                0x08002d6c      0x1e0 ./Drivers/STM32F1xx_HAL_Driver/Src/stm32f1xx_hal_tim.o
                0x08002d6c                HAL_TIM_IRQHandler
 .text.HAL_TIM_IC_ConfigChannel
                0x08002f4c      0x138 ./Drivers/STM32F1xx_HAL_Driver/Src/stm32f1xx_hal_tim.o
                0x08002f4c                HAL_TIM_IC_ConfigChannel
 .text.HAL_TIM_PWM_ConfigChannel
                0x08003084      0x184 ./Drivers/STM32F1xx_HAL_Driver/Src/stm32f1xx_hal_tim.o
                0x08003084                HAL_TIM_PWM_ConfigChannel
 .text.HAL_TIM_ConfigClockSource
                0x08003208      0x18e ./Drivers/STM32F1xx_HAL_Driver/Src/stm32f1xx_hal_tim.o
                0x08003208                HAL_TIM_ConfigClockSource
 .text.HAL_TIM_SlaveConfigSynchro
                0x08003396       0x84 ./Drivers/STM32F1xx_HAL_Driver/Src/stm32f1xx_hal_tim.o
                0x08003396                HAL_TIM_SlaveConfigSynchro
 *fill*         0x0800341a        0x2 
 .text.HAL_TIM_ReadCapturedValue
                0x0800341c       0x88 ./Drivers/STM32F1xx_HAL_Driver/Src/stm32f1xx_hal_tim.o
                0x0800341c                HAL_TIM_ReadCapturedValue
 .text.HAL_TIM_OC_DelayElapsedCallback
                0x080034a4       0x12 ./Drivers/STM32F1xx_HAL_Driver/Src/stm32f1xx_hal_tim.o
                0x080034a4                HAL_TIM_OC_DelayElapsedCallback
 .text.HAL_TIM_PWM_PulseFinishedCallback
                0x080034b6       0x12 ./Drivers/STM32F1xx_HAL_Driver/Src/stm32f1xx_hal_tim.o
                0x080034b6                HAL_TIM_PWM_PulseFinishedCallback
 .text.HAL_TIM_TriggerCallback
                0x080034c8       0x12 ./Drivers/STM32F1xx_HAL_Driver/Src/stm32f1xx_hal_tim.o
                0x080034c8                HAL_TIM_TriggerCallback
 *fill*         0x080034da        0x2 
 .text.TIM_Base_SetConfig
                0x080034dc       0xdc ./Drivers/STM32F1xx_HAL_Driver/Src/stm32f1xx_hal_tim.o
                0x080034dc                TIM_Base_SetConfig
 .text.TIM_OC1_SetConfig
                0x080035b8       0xcc ./Drivers/STM32F1xx_HAL_Driver/Src/stm32f1xx_hal_tim.o
 .text.TIM_OC2_SetConfig
                0x08003684       0xd4 ./Drivers/STM32F1xx_HAL_Driver/Src/stm32f1xx_hal_tim.o
                0x08003684                TIM_OC2_SetConfig
 .text.TIM_OC3_SetConfig
                0x08003758       0xd4 ./Drivers/STM32F1xx_HAL_Driver/Src/stm32f1xx_hal_tim.o
 .text.TIM_OC4_SetConfig
                0x0800382c       0x9c ./Drivers/STM32F1xx_HAL_Driver/Src/stm32f1xx_hal_tim.o
 .text.TIM_SlaveTimer_SetConfig
                0x080038c8      0x122 ./Drivers/STM32F1xx_HAL_Driver/Src/stm32f1xx_hal_tim.o
 *fill*         0x080039ea        0x2 
 .text.TIM_TI1_SetConfig
                0x080039ec       0xb4 ./Drivers/STM32F1xx_HAL_Driver/Src/stm32f1xx_hal_tim.o
                0x080039ec                TIM_TI1_SetConfig
 .text.TIM_TI1_ConfigInputStage
                0x08003aa0       0x5c ./Drivers/STM32F1xx_HAL_Driver/Src/stm32f1xx_hal_tim.o
 .text.TIM_TI2_SetConfig
                0x08003afc       0x78 ./Drivers/STM32F1xx_HAL_Driver/Src/stm32f1xx_hal_tim.o
 .text.TIM_TI2_ConfigInputStage
                0x08003b74       0x5e ./Drivers/STM32F1xx_HAL_Driver/Src/stm32f1xx_hal_tim.o
 .text.TIM_TI3_SetConfig
                0x08003bd2       0x76 ./Drivers/STM32F1xx_HAL_Driver/Src/stm32f1xx_hal_tim.o
 .text.TIM_TI4_SetConfig
                0x08003c48       0x78 ./Drivers/STM32F1xx_HAL_Driver/Src/stm32f1xx_hal_tim.o
 .text.TIM_ITRx_SetConfig
                0x08003cc0       0x34 ./Drivers/STM32F1xx_HAL_Driver/Src/stm32f1xx_hal_tim.o
 .text.TIM_ETR_SetConfig
                0x08003cf4       0x3e ./Drivers/STM32F1xx_HAL_Driver/Src/stm32f1xx_hal_tim.o
                0x08003cf4                TIM_ETR_SetConfig
 .text.TIM_CCxChannelCmd
                0x08003d32       0x48 ./Drivers/STM32F1xx_HAL_Driver/Src/stm32f1xx_hal_tim.o
                0x08003d32                TIM_CCxChannelCmd
 *fill*         0x08003d7a        0x2 
 .text.HAL_TIMEx_MasterConfigSynchronization
                0x08003d7c       0xbc ./Drivers/STM32F1xx_HAL_Driver/Src/stm32f1xx_hal_tim_ex.o
                0x08003d7c                HAL_TIMEx_MasterConfigSynchronization
 .text.HAL_TIMEx_ConfigBreakDeadTime
                0x08003e38       0xa2 ./Drivers/STM32F1xx_HAL_Driver/Src/stm32f1xx_hal_tim_ex.o
                0x08003e38                HAL_TIMEx_ConfigBreakDeadTime
 .text.HAL_TIMEx_CommutCallback
                0x08003eda       0x12 ./Drivers/STM32F1xx_HAL_Driver/Src/stm32f1xx_hal_tim_ex.o
                0x08003eda                HAL_TIMEx_CommutCallback
 .text.HAL_TIMEx_BreakCallback
                0x08003eec       0x12 ./Drivers/STM32F1xx_HAL_Driver/Src/stm32f1xx_hal_tim_ex.o
                0x08003eec                HAL_TIMEx_BreakCallback
 .text.vListInitialise
                0x08003efe       0x3e ./ThirdParty/FreeRTOS/list.o
                0x08003efe                vListInitialise
 .text.vListInitialiseItem
                0x08003f3c       0x18 ./ThirdParty/FreeRTOS/list.o
                0x08003f3c                vListInitialiseItem
 .text.vListInsert
                0x08003f54       0x70 ./ThirdParty/FreeRTOS/list.o
                0x08003f54                vListInsert
 .text.uxListRemove
                0x08003fc4       0x52 ./ThirdParty/FreeRTOS/list.o
                0x08003fc4                uxListRemove
 *fill*         0x08004016        0x2 
 .text.xQueueGenericReset
                0x08004018      0x124 ./ThirdParty/FreeRTOS/queue.o
                0x08004018                xQueueGenericReset
 .text.xQueueGenericCreate
                0x0800413c       0x9e ./ThirdParty/FreeRTOS/queue.o
                0x0800413c                xQueueGenericCreate
 .text.prvInitialiseNewQueue
                0x080041da       0x3e ./ThirdParty/FreeRTOS/queue.o
 .text.xQueueGenericSendFromISR
                0x08004218      0x15a ./ThirdParty/FreeRTOS/queue.o
                0x08004218                xQueueGenericSendFromISR
 *fill*         0x08004372        0x2 
 .text.xQueueReceive
                0x08004374      0x194 ./ThirdParty/FreeRTOS/queue.o
                0x08004374                xQueueReceive
 .text.prvCopyDataToQueue
                0x08004508       0xb8 ./ThirdParty/FreeRTOS/queue.o
 .text.prvCopyDataFromQueue
                0x080045c0       0x4c ./ThirdParty/FreeRTOS/queue.o
 .text.prvUnlockQueue
                0x0800460c       0xa4 ./ThirdParty/FreeRTOS/queue.o
 .text.prvIsQueueEmpty
                0x080046b0       0x2c ./ThirdParty/FreeRTOS/queue.o
 .text.prvCreateTask
                0x080046dc       0x78 ./ThirdParty/FreeRTOS/tasks.o
 .text.xTaskCreate
                0x08004754       0x46 ./ThirdParty/FreeRTOS/tasks.o
                0x08004754                xTaskCreate
 .text.prvInitialiseNewTask
                0x0800479a      0x134 ./ThirdParty/FreeRTOS/tasks.o
 *fill*         0x080048ce        0x2 
 .text.prvAddNewTaskToReadyList
                0x080048d0      0x128 ./ThirdParty/FreeRTOS/tasks.o
 .text.vTaskDelay
                0x080049f8       0x6c ./ThirdParty/FreeRTOS/tasks.o
                0x080049f8                vTaskDelay
 .text.prvCreateIdleTasks
                0x08004a64       0xac ./ThirdParty/FreeRTOS/tasks.o
 .text.vTaskStartScheduler
                0x08004b10       0x7c ./ThirdParty/FreeRTOS/tasks.o
                0x08004b10                vTaskStartScheduler
 .text.vTaskSuspendAll
                0x08004b8c       0x1c ./ThirdParty/FreeRTOS/tasks.o
                0x08004b8c                vTaskSuspendAll
 .text.xTaskResumeAll
                0x08004ba8      0x210 ./ThirdParty/FreeRTOS/tasks.o
                0x08004ba8                xTaskResumeAll
 .text.uxTaskGetNumberOfTasks
                0x08004db8       0x14 ./ThirdParty/FreeRTOS/tasks.o
                0x08004db8                uxTaskGetNumberOfTasks
 .text.xTaskIncrementTick
                0x08004dcc      0x234 ./ThirdParty/FreeRTOS/tasks.o
                0x08004dcc                xTaskIncrementTick
 .text.vTaskSwitchContext
                0x08005000       0xb8 ./ThirdParty/FreeRTOS/tasks.o
                0x08005000                vTaskSwitchContext
 .text.vTaskPlaceOnEventList
                0x080050b8       0x4c ./ThirdParty/FreeRTOS/tasks.o
                0x080050b8                vTaskPlaceOnEventList
 .text.xTaskRemoveFromEventList
                0x08005104      0x1b0 ./ThirdParty/FreeRTOS/tasks.o
                0x08005104                xTaskRemoveFromEventList
 .text.vTaskInternalSetTimeOutState
                0x080052b4       0x2c ./ThirdParty/FreeRTOS/tasks.o
                0x080052b4                vTaskInternalSetTimeOutState
 .text.xTaskCheckForTimeOut
                0x080052e0       0xd0 ./ThirdParty/FreeRTOS/tasks.o
                0x080052e0                xTaskCheckForTimeOut
 .text.vTaskMissedYield
                0x080053b0       0x18 ./ThirdParty/FreeRTOS/tasks.o
                0x080053b0                vTaskMissedYield
 .text.prvIdleTask
                0x080053c8       0x30 ./ThirdParty/FreeRTOS/tasks.o
 .text.prvInitialiseTaskLists
                0x080053f8       0x80 ./ThirdParty/FreeRTOS/tasks.o
 .text.prvCheckTasksWaitingTermination
                0x08005478       0x5c ./ThirdParty/FreeRTOS/tasks.o
 .text.prvDeleteTCB
                0x080054d4       0x20 ./ThirdParty/FreeRTOS/tasks.o
 .text.prvResetNextTaskUnblockTime
                0x080054f4       0x34 ./ThirdParty/FreeRTOS/tasks.o
 .text.xTaskGenericNotifyWait
                0x08005528      0x140 ./ThirdParty/FreeRTOS/tasks.o
                0x08005528                xTaskGenericNotifyWait
 .text.xTaskGenericNotifyFromISR
                0x08005668      0x2d0 ./ThirdParty/FreeRTOS/tasks.o
                0x08005668                xTaskGenericNotifyFromISR
 .text.prvAddCurrentTaskToDelayedList
                0x08005938      0x104 ./ThirdParty/FreeRTOS/tasks.o
 .text.pxPortInitialiseStack
                0x08005a3c       0x58 ./ThirdParty/FreeRTOS/portable/GCC/ARM_CM3/port.o
                0x08005a3c                pxPortInitialiseStack
 .text.prvTaskExitError
                0x08005a94       0x58 ./ThirdParty/FreeRTOS/portable/GCC/ARM_CM3/port.o
 .text.SVC_Handler
                0x08005aec       0x28 ./ThirdParty/FreeRTOS/portable/GCC/ARM_CM3/port.o
                0x08005aec                SVC_Handler
 .text.prvPortStartFirstTask
                0x08005b14       0x24 ./ThirdParty/FreeRTOS/portable/GCC/ARM_CM3/port.o
 .text.xPortStartScheduler
                0x08005b38      0x120 ./ThirdParty/FreeRTOS/portable/GCC/ARM_CM3/port.o
                0x08005b38                xPortStartScheduler
 .text.vPortEnterCritical
                0x08005c58       0x60 ./ThirdParty/FreeRTOS/portable/GCC/ARM_CM3/port.o
                0x08005c58                vPortEnterCritical
 .text.vPortExitCritical
                0x08005cb8       0x54 ./ThirdParty/FreeRTOS/portable/GCC/ARM_CM3/port.o
                0x08005cb8                vPortExitCritical
 .text.PendSV_Handler
                0x08005d0c       0x48 ./ThirdParty/FreeRTOS/portable/GCC/ARM_CM3/port.o
                0x08005d0c                PendSV_Handler
 .text.SysTick_Handler
                0x08005d54       0x44 ./ThirdParty/FreeRTOS/portable/GCC/ARM_CM3/port.o
                0x08005d54                SysTick_Handler
 .text.vPortSetupTimerInterrupt
                0x08005d98       0x34 ./ThirdParty/FreeRTOS/portable/GCC/ARM_CM3/port.o
                0x08005d98                vPortSetupTimerInterrupt
 .text.vPortValidateInterruptPriority
                0x08005dcc       0x80 ./ThirdParty/FreeRTOS/portable/GCC/ARM_CM3/port.o
                0x08005dcc                vPortValidateInterruptPriority
 .text.pvPortMalloc
                0x08005e4c      0x270 ./ThirdParty/FreeRTOS/portable/MemMang/heap_4.o
                0x08005e4c                pvPortMalloc
 .text.vPortFree
                0x080060bc       0xec ./ThirdParty/FreeRTOS/portable/MemMang/heap_4.o
                0x080060bc                vPortFree
 .text.prvHeapInit
                0x080061a8       0xb4 ./ThirdParty/FreeRTOS/portable/MemMang/heap_4.o
 .text.prvInsertBlockIntoFreeList
                0x0800625c       0xf4 ./ThirdParty/FreeRTOS/portable/MemMang/heap_4.o
 .text.CAN1_Tx  0x08006350       0x5e ./User/Src/can_handler.o
                0x08006350                CAN1_Tx
 *fill*         0x080063ae        0x2 
 .text.HAL_CAN_RxFifo0MsgPendingCallback
                0x080063b0       0x5c ./User/Src/can_handler.o
                0x080063b0                HAL_CAN_RxFifo0MsgPendingCallback
 .text.vTaskGuidance
                0x0800640c       0x4c ./User/Src/guidance_task.o
                0x0800640c                vTaskGuidance
 .text.vTaskSensorScanner
                0x08006458       0xd0 ./User/Src/sensor_task.o
                0x08006458                vTaskSensorScanner
 .text.ServoMotorUpdate
                0x08006528       0x54 ./User/Src/sensor_task.o
 .text.TrackTarget
                0x0800657c       0xe8 ./User/Src/sensor_task.o
 .text.SensorTrigger
                0x08006664       0x28 ./User/Src/sensor_task.o
 .text.us_delay
                0x0800668c       0x4c ./User/Src/sensor_task.o
 .text.distance_calculator
                0x080066d8       0x30 ./User/Src/sensor_task.o
 .text.HAL_TIM_IC_CaptureCallback
                0x08006708       0x6c ./User/Src/sensor_task.o
                0x08006708                HAL_TIM_IC_CaptureCallback
 .text.memset   0x08006774       0x10 C:/ST/STM32CubeIDE_1.18.0/STM32CubeIDE/plugins/com.st.stm32cube.ide.mcu.externaltools.gnu-tools-for-stm32.13.3.rel1.win32_1.0.0.202411081344/tools/bin/../lib/gcc/arm-none-eabi/13.3.1/../../../../arm-none-eabi/lib/thumb/v7-m/nofp\libc_nano.a(libc_a-memset.o)
                0x08006774                memset
 .text.__libc_init_array
                0x08006784       0x48 C:/ST/STM32CubeIDE_1.18.0/STM32CubeIDE/plugins/com.st.stm32cube.ide.mcu.externaltools.gnu-tools-for-stm32.13.3.rel1.win32_1.0.0.202411081344/tools/bin/../lib/gcc/arm-none-eabi/13.3.1/../../../../arm-none-eabi/lib/thumb/v7-m/nofp\libc_nano.a(libc_a-init.o)
                0x08006784                __libc_init_array
 .text.memcpy   0x080067cc       0x1c C:/ST/STM32CubeIDE_1.18.0/STM32CubeIDE/plugins/com.st.stm32cube.ide.mcu.externaltools.gnu-tools-for-stm32.13.3.rel1.win32_1.0.0.202411081344/tools/bin/../lib/gcc/arm-none-eabi/13.3.1/../../../../arm-none-eabi/lib/thumb/v7-m/nofp\libc_nano.a(libc_a-memcpy-stub.o)
                0x080067cc                memcpy
 *(.glue_7)
 .glue_7        0x080067e8        0x0 linker stubs
 *(.glue_7t)
 .glue_7t       0x080067e8        0x0 linker stubs
 *(.eh_frame)
 .eh_frame      0x080067e8        0x0 C:/ST/STM32CubeIDE_1.18.0/STM32CubeIDE/plugins/com.st.stm32cube.ide.mcu.externaltools.gnu-tools-for-stm32.13.3.rel1.win32_1.0.0.202411081344/tools/bin/../lib/gcc/arm-none-eabi/13.3.1/thumb/v7-m/nofp/crtbegin.o
 *(.init)
 .init          0x080067e8        0x4 C:/ST/STM32CubeIDE_1.18.0/STM32CubeIDE/plugins/com.st.stm32cube.ide.mcu.externaltools.gnu-tools-for-stm32.13.3.rel1.win32_1.0.0.202411081344/tools/bin/../lib/gcc/arm-none-eabi/13.3.1/thumb/v7-m/nofp/crti.o
                0x080067e8                _init
 .init          0x080067ec        0x8 C:/ST/STM32CubeIDE_1.18.0/STM32CubeIDE/plugins/com.st.stm32cube.ide.mcu.externaltools.gnu-tools-for-stm32.13.3.rel1.win32_1.0.0.202411081344/tools/bin/../lib/gcc/arm-none-eabi/13.3.1/thumb/v7-m/nofp/crtn.o
 *(.fini)
 .fini          0x080067f4        0x4 C:/ST/STM32CubeIDE_1.18.0/STM32CubeIDE/plugins/com.st.stm32cube.ide.mcu.externaltools.gnu-tools-for-stm32.13.3.rel1.win32_1.0.0.202411081344/tools/bin/../lib/gcc/arm-none-eabi/13.3.1/thumb/v7-m/nofp/crti.o
                0x080067f4                _fini
 .fini          0x080067f8        0x8 C:/ST/STM32CubeIDE_1.18.0/STM32CubeIDE/plugins/com.st.stm32cube.ide.mcu.externaltools.gnu-tools-for-stm32.13.3.rel1.win32_1.0.0.202411081344/tools/bin/../lib/gcc/arm-none-eabi/13.3.1/thumb/v7-m/nofp/crtn.o
                0x08006800                        . = ALIGN (0x4)
                0x08006800                        _etext = .

.vfp11_veneer   0x08006800        0x0
 .vfp11_veneer  0x08006800        0x0 linker stubs

.v4_bx          0x08006800        0x0
 .v4_bx         0x08006800        0x0 linker stubs

.iplt           0x08006800        0x0
 .iplt          0x08006800        0x0 C:/ST/STM32CubeIDE_1.18.0/STM32CubeIDE/plugins/com.st.stm32cube.ide.mcu.externaltools.gnu-tools-for-stm32.13.3.rel1.win32_1.0.0.202411081344/tools/bin/../lib/gcc/arm-none-eabi/13.3.1/thumb/v7-m/nofp/crtbegin.o

.rodata         0x08006800       0x54
                0x08006800                        . = ALIGN (0x4)
 *(.rodata)
 .rodata        0x08006800       0x1a ./Core/Src/main.o
 *fill*         0x0800681a        0x2 
 .rodata        0x0800681c        0x5 ./ThirdParty/FreeRTOS/tasks.o
 *(.rodata*)
 *fill*         0x08006821        0x3 
 .rodata.AHBPrescTable
                0x08006824       0x10 ./Core/Src/system_stm32f1xx.o
                0x08006824                AHBPrescTable
 .rodata.APBPrescTable
                0x08006834        0x8 ./Core/Src/system_stm32f1xx.o
                0x08006834                APBPrescTable
 .rodata.aPLLMULFactorTable.1
                0x0800683c       0x10 ./Drivers/STM32F1xx_HAL_Driver/Src/stm32f1xx_hal_rcc.o
 .rodata.aPredivFactorTable.0
                0x0800684c        0x2 ./Drivers/STM32F1xx_HAL_Driver/Src/stm32f1xx_hal_rcc.o
 *fill*         0x0800684e        0x2 
 .rodata.uxTopUsedPriority
                0x08006850        0x4 ./ThirdParty/FreeRTOS/tasks.o
                0x08006854                        . = ALIGN (0x4)

.ARM.extab      0x08006854        0x0
                0x08006854                        . = ALIGN (0x4)
 *(.ARM.extab* .gnu.linkonce.armextab.*)
                0x08006854                        . = ALIGN (0x4)

.ARM            0x08006854        0x0
                0x08006854                        . = ALIGN (0x4)
                0x08006854                        __exidx_start = .
 *(.ARM.exidx*)
                0x08006854                        __exidx_end = .
                0x08006854                        . = ALIGN (0x4)

.preinit_array  0x08006854        0x0
                0x08006854                        . = ALIGN (0x4)
                0x08006854                        PROVIDE (__preinit_array_start = .)
 *(.preinit_array*)
                0x08006854                        PROVIDE (__preinit_array_end = .)
                0x08006854                        . = ALIGN (0x4)

.init_array     0x08006854        0x4
                0x08006854                        . = ALIGN (0x4)
                0x08006854                        PROVIDE (__init_array_start = .)
 *(SORT_BY_NAME(.init_array.*))
 *(.init_array*)
 .init_array    0x08006854        0x4 C:/ST/STM32CubeIDE_1.18.0/STM32CubeIDE/plugins/com.st.stm32cube.ide.mcu.externaltools.gnu-tools-for-stm32.13.3.rel1.win32_1.0.0.202411081344/tools/bin/../lib/gcc/arm-none-eabi/13.3.1/thumb/v7-m/nofp/crtbegin.o
                0x08006858                        PROVIDE (__init_array_end = .)
                0x08006858                        . = ALIGN (0x4)

.fini_array     0x08006858        0x4
                0x08006858                        . = ALIGN (0x4)
                [!provide]                        PROVIDE (__fini_array_start = .)
 *(SORT_BY_NAME(.fini_array.*))
 *(.fini_array*)
 .fini_array    0x08006858        0x4 C:/ST/STM32CubeIDE_1.18.0/STM32CubeIDE/plugins/com.st.stm32cube.ide.mcu.externaltools.gnu-tools-for-stm32.13.3.rel1.win32_1.0.0.202411081344/tools/bin/../lib/gcc/arm-none-eabi/13.3.1/thumb/v7-m/nofp/crtbegin.o
                [!provide]                        PROVIDE (__fini_array_end = .)
                0x0800685c                        . = ALIGN (0x4)
                0x0800685c                        _sidata = LOADADDR (.data)

.rel.dyn        0x0800685c        0x0
 .rel.iplt      0x0800685c        0x0 C:/ST/STM32CubeIDE_1.18.0/STM32CubeIDE/plugins/com.st.stm32cube.ide.mcu.externaltools.gnu-tools-for-stm32.13.3.rel1.win32_1.0.0.202411081344/tools/bin/../lib/gcc/arm-none-eabi/13.3.1/thumb/v7-m/nofp/crtbegin.o

.data           0x20000000       0x10 load address 0x0800685c
                0x20000000                        . = ALIGN (0x4)
                0x20000000                        _sdata = .
 *(.data)
 *(.data*)
 .data.SystemCoreClock
                0x20000000        0x4 ./Core/Src/system_stm32f1xx.o
                0x20000000                SystemCoreClock
 .data.uwTickPrio
                0x20000004        0x4 ./Drivers/STM32F1xx_HAL_Driver/Src/stm32f1xx_hal.o
                0x20000004                uwTickPrio
 .data.uwTickFreq
                0x20000008        0x1 ./Drivers/STM32F1xx_HAL_Driver/Src/stm32f1xx_hal.o
                0x20000008                uwTickFreq
 *fill*         0x20000009        0x3 
 .data.uxCriticalNesting
                0x2000000c        0x4 ./ThirdParty/FreeRTOS/portable/GCC/ARM_CM3/port.o
 *(.RamFunc)
 *(.RamFunc*)
                0x20000010                        . = ALIGN (0x4)
                0x20000010                        _edata = .

.igot.plt       0x20000010        0x0 load address 0x0800686c
 .igot.plt      0x20000010        0x0 C:/ST/STM32CubeIDE_1.18.0/STM32CubeIDE/plugins/com.st.stm32cube.ide.mcu.externaltools.gnu-tools-for-stm32.13.3.rel1.win32_1.0.0.202411081344/tools/bin/../lib/gcc/arm-none-eabi/13.3.1/thumb/v7-m/nofp/crtbegin.o
                0x20000010                        . = ALIGN (0x4)

.bss            0x20000010     0x2a9c load address 0x0800686c
                0x20000010                        _sbss = .
                0x20000010                        __bss_start__ = _sbss
 *(.bss)
 .bss           0x20000010       0x1c C:/ST/STM32CubeIDE_1.18.0/STM32CubeIDE/plugins/com.st.stm32cube.ide.mcu.externaltools.gnu-tools-for-stm32.13.3.rel1.win32_1.0.0.202411081344/tools/bin/../lib/gcc/arm-none-eabi/13.3.1/thumb/v7-m/nofp/crtbegin.o
 *(.bss*)
 .bss.hcan      0x2000002c       0x28 ./Core/Src/main.o
                0x2000002c                hcan
 .bss.htim1     0x20000054       0x48 ./Core/Src/main.o
                0x20000054                htim1
 .bss.htim3     0x2000009c       0x48 ./Core/Src/main.o
                0x2000009c                htim3
 .bss.htim4     0x200000e4       0x48 ./Core/Src/main.o
                0x200000e4                htim4
 .bss.xSensorScannerHandle
                0x2000012c        0x4 ./Core/Src/main.o
                0x2000012c                xSensorScannerHandle
 .bss.xGuidanceHandle
                0x20000130        0x4 ./Core/Src/main.o
                0x20000130                xGuidanceHandle
 .bss.xGuidanceQueue
                0x20000134        0x4 ./Core/Src/main.o
                0x20000134                xGuidanceQueue
 .bss.htim2     0x20000138       0x48 ./Core/Src/stm32f1xx_hal_timebase_tim.o
                0x20000138                htim2
 .bss.uwTick    0x20000180        0x4 ./Drivers/STM32F1xx_HAL_Driver/Src/stm32f1xx_hal.o
                0x20000180                uwTick
 .bss.pxCurrentTCB
                0x20000184        0x4 ./ThirdParty/FreeRTOS/tasks.o
                0x20000184                pxCurrentTCB
 .bss.pxReadyTasksLists
                0x20000188       0x64 ./ThirdParty/FreeRTOS/tasks.o
 .bss.xDelayedTaskList1
                0x200001ec       0x14 ./ThirdParty/FreeRTOS/tasks.o
 .bss.xDelayedTaskList2
                0x20000200       0x14 ./ThirdParty/FreeRTOS/tasks.o
 .bss.pxDelayedTaskList
                0x20000214        0x4 ./ThirdParty/FreeRTOS/tasks.o
 .bss.pxOverflowDelayedTaskList
                0x20000218        0x4 ./ThirdParty/FreeRTOS/tasks.o
 .bss.xPendingReadyList
                0x2000021c       0x14 ./ThirdParty/FreeRTOS/tasks.o
 .bss.xTasksWaitingTermination
                0x20000230       0x14 ./ThirdParty/FreeRTOS/tasks.o
 .bss.uxDeletedTasksWaitingCleanUp
                0x20000244        0x4 ./ThirdParty/FreeRTOS/tasks.o
 .bss.xSuspendedTaskList
                0x20000248       0x14 ./ThirdParty/FreeRTOS/tasks.o
 .bss.uxCurrentNumberOfTasks
                0x2000025c        0x4 ./ThirdParty/FreeRTOS/tasks.o
 .bss.xTickCount
                0x20000260        0x4 ./ThirdParty/FreeRTOS/tasks.o
 .bss.uxTopReadyPriority
                0x20000264        0x4 ./ThirdParty/FreeRTOS/tasks.o
 .bss.xSchedulerRunning
                0x20000268        0x4 ./ThirdParty/FreeRTOS/tasks.o
 .bss.xPendedTicks
                0x2000026c        0x4 ./ThirdParty/FreeRTOS/tasks.o
 .bss.xYieldPendings
                0x20000270        0x4 ./ThirdParty/FreeRTOS/tasks.o
 .bss.xNumOfOverflows
                0x20000274        0x4 ./ThirdParty/FreeRTOS/tasks.o
 .bss.uxTaskNumber
                0x20000278        0x4 ./ThirdParty/FreeRTOS/tasks.o
 .bss.xNextTaskUnblockTime
                0x2000027c        0x4 ./ThirdParty/FreeRTOS/tasks.o
 .bss.xIdleTaskHandles
                0x20000280        0x4 ./ThirdParty/FreeRTOS/tasks.o
 .bss.uxSchedulerSuspended
                0x20000284        0x4 ./ThirdParty/FreeRTOS/tasks.o
 .bss.ucMaxSysCallPriority
                0x20000288        0x1 ./ThirdParty/FreeRTOS/portable/GCC/ARM_CM3/port.o
 *fill*         0x20000289        0x3 
 .bss.ulMaxPRIGROUPValue
                0x2000028c        0x4 ./ThirdParty/FreeRTOS/portable/GCC/ARM_CM3/port.o
 .bss.ucHeap    0x20000290     0x2800 ./ThirdParty/FreeRTOS/portable/MemMang/heap_4.o
 .bss.xStart    0x20002a90        0x8 ./ThirdParty/FreeRTOS/portable/MemMang/heap_4.o
 .bss.pxEnd     0x20002a98        0x4 ./ThirdParty/FreeRTOS/portable/MemMang/heap_4.o
 .bss.xFreeBytesRemaining
                0x20002a9c        0x4 ./ThirdParty/FreeRTOS/portable/MemMang/heap_4.o
 .bss.xMinimumEverFreeBytesRemaining
                0x20002aa0        0x4 ./ThirdParty/FreeRTOS/portable/MemMang/heap_4.o
 .bss.xNumberOfSuccessfulAllocations
                0x20002aa4        0x4 ./ThirdParty/FreeRTOS/portable/MemMang/heap_4.o
 .bss.xNumberOfSuccessfulFrees
                0x20002aa8        0x4 ./ThirdParty/FreeRTOS/portable/MemMang/heap_4.o
 *(COMMON)
                0x20002aac                        . = ALIGN (0x4)
                0x20002aac                        _ebss = .
                0x20002aac                        __bss_end__ = _ebss

._user_heap_stack
                0x20002aac      0x604 load address 0x0800686c
                0x20002ab0                        . = ALIGN (0x8)
 *fill*         0x20002aac        0x4 
                [!provide]                        PROVIDE (end = .)
                0x20002ab0                        PROVIDE (_end = .)
                0x20002cb0                        . = (. + _Min_Heap_Size)
 *fill*         0x20002ab0      0x200 
                0x200030b0                        . = (. + _Min_Stack_Size)
 *fill*         0x20002cb0      0x400 
                0x200030b0                        . = ALIGN (0x8)

/DISCARD/
 libc.a(*)
 libm.a(*)
 libgcc.a(*)

.ARM.attributes
                0x00000000       0x29
 *(.ARM.attributes)
 .ARM.attributes
                0x00000000       0x1d C:/ST/STM32CubeIDE_1.18.0/STM32CubeIDE/plugins/com.st.stm32cube.ide.mcu.externaltools.gnu-tools-for-stm32.13.3.rel1.win32_1.0.0.202411081344/tools/bin/../lib/gcc/arm-none-eabi/13.3.1/thumb/v7-m/nofp/crti.o
 .ARM.attributes
                0x0000001d       0x2d C:/ST/STM32CubeIDE_1.18.0/STM32CubeIDE/plugins/com.st.stm32cube.ide.mcu.externaltools.gnu-tools-for-stm32.13.3.rel1.win32_1.0.0.202411081344/tools/bin/../lib/gcc/arm-none-eabi/13.3.1/thumb/v7-m/nofp/crtbegin.o
 .ARM.attributes
                0x0000004a       0x2d ./Core/Src/main.o
 .ARM.attributes
                0x00000077       0x2d ./Core/Src/stm32f1xx_hal_msp.o
 .ARM.attributes
                0x000000a4       0x2d ./Core/Src/stm32f1xx_hal_timebase_tim.o
 .ARM.attributes
                0x000000d1       0x2d ./Core/Src/stm32f1xx_it.o
 .ARM.attributes
                0x000000fe       0x2d ./Core/Src/system_stm32f1xx.o
 .ARM.attributes
                0x0000012b       0x21 ./Core/Startup/startup_stm32f103rbtx.o
 .ARM.attributes
                0x0000014c       0x2d ./Drivers/STM32F1xx_HAL_Driver/Src/stm32f1xx_hal.o
 .ARM.attributes
                0x00000179       0x2d ./Drivers/STM32F1xx_HAL_Driver/Src/stm32f1xx_hal_can.o
 .ARM.attributes
                0x000001a6       0x2d ./Drivers/STM32F1xx_HAL_Driver/Src/stm32f1xx_hal_cortex.o
 .ARM.attributes
                0x000001d3       0x2d ./Drivers/STM32F1xx_HAL_Driver/Src/stm32f1xx_hal_gpio.o
 .ARM.attributes
                0x00000200       0x2d ./Drivers/STM32F1xx_HAL_Driver/Src/stm32f1xx_hal_rcc.o
 .ARM.attributes
                0x0000022d       0x2d ./Drivers/STM32F1xx_HAL_Driver/Src/stm32f1xx_hal_tim.o
 .ARM.attributes
                0x0000025a       0x2d ./Drivers/STM32F1xx_HAL_Driver/Src/stm32f1xx_hal_tim_ex.o
 .ARM.attributes
                0x00000287       0x2d ./ThirdParty/FreeRTOS/list.o
 .ARM.attributes
                0x000002b4       0x2d ./ThirdParty/FreeRTOS/queue.o
 .ARM.attributes
                0x000002e1       0x2d ./ThirdParty/FreeRTOS/tasks.o
 .ARM.attributes
                0x0000030e       0x2d ./ThirdParty/FreeRTOS/portable/GCC/ARM_CM3/port.o
 .ARM.attributes
                0x0000033b       0x2d ./ThirdParty/FreeRTOS/portable/MemMang/heap_4.o
 .ARM.attributes
                0x00000368       0x2d ./User/Src/can_handler.o
 .ARM.attributes
                0x00000395       0x2d ./User/Src/guidance_task.o
 .ARM.attributes
                0x000003c2       0x2d ./User/Src/sensor_task.o
 .ARM.attributes
                0x000003ef       0x2d C:/ST/STM32CubeIDE_1.18.0/STM32CubeIDE/plugins/com.st.stm32cube.ide.mcu.externaltools.gnu-tools-for-stm32.13.3.rel1.win32_1.0.0.202411081344/tools/bin/../lib/gcc/arm-none-eabi/13.3.1/../../../../arm-none-eabi/lib/thumb/v7-m/nofp\libc_nano.a(libc_a-memset.o)
 .ARM.attributes
                0x0000041c       0x2d C:/ST/STM32CubeIDE_1.18.0/STM32CubeIDE/plugins/com.st.stm32cube.ide.mcu.externaltools.gnu-tools-for-stm32.13.3.rel1.win32_1.0.0.202411081344/tools/bin/../lib/gcc/arm-none-eabi/13.3.1/../../../../arm-none-eabi/lib/thumb/v7-m/nofp\libc_nano.a(libc_a-init.o)
 .ARM.attributes
                0x00000449       0x2d C:/ST/STM32CubeIDE_1.18.0/STM32CubeIDE/plugins/com.st.stm32cube.ide.mcu.externaltools.gnu-tools-for-stm32.13.3.rel1.win32_1.0.0.202411081344/tools/bin/../lib/gcc/arm-none-eabi/13.3.1/../../../../arm-none-eabi/lib/thumb/v7-m/nofp\libc_nano.a(libc_a-memcpy-stub.o)
 .ARM.attributes
                0x00000476       0x1d C:/ST/STM32CubeIDE_1.18.0/STM32CubeIDE/plugins/com.st.stm32cube.ide.mcu.externaltools.gnu-tools-for-stm32.13.3.rel1.win32_1.0.0.202411081344/tools/bin/../lib/gcc/arm-none-eabi/13.3.1/thumb/v7-m/nofp/crtn.o
OUTPUT(isr_pgm.elf elf32-littlearm)
LOAD linker stubs
LOAD C:/ST/STM32CubeIDE_1.18.0/STM32CubeIDE/plugins/com.st.stm32cube.ide.mcu.externaltools.gnu-tools-for-stm32.13.3.rel1.win32_1.0.0.202411081344/tools/bin/../lib/gcc/arm-none-eabi/13.3.1/../../../../arm-none-eabi/lib/thumb/v7-m/nofp\libc.a
LOAD C:/ST/STM32CubeIDE_1.18.0/STM32CubeIDE/plugins/com.st.stm32cube.ide.mcu.externaltools.gnu-tools-for-stm32.13.3.rel1.win32_1.0.0.202411081344/tools/bin/../lib/gcc/arm-none-eabi/13.3.1/../../../../arm-none-eabi/lib/thumb/v7-m/nofp\libm.a
LOAD C:/ST/STM32CubeIDE_1.18.0/STM32CubeIDE/plugins/com.st.stm32cube.ide.mcu.externaltools.gnu-tools-for-stm32.13.3.rel1.win32_1.0.0.202411081344/tools/bin/../lib/gcc/arm-none-eabi/13.3.1/thumb/v7-m/nofp\libgcc.a

.debug_info     0x00000000    0x10448
 .debug_info    0x00000000     0x177f ./Core/Src/main.o
 .debug_info    0x0000177f      0xf5b ./Core/Src/stm32f1xx_hal_msp.o
 .debug_info    0x000026da      0x9a8 ./Core/Src/stm32f1xx_hal_timebase_tim.o
 .debug_info    0x00003082      0xa4f ./Core/Src/stm32f1xx_it.o
 .debug_info    0x00003ad1      0x222 ./Core/Src/system_stm32f1xx.o
 .debug_info    0x00003cf3       0x30 ./Core/Startup/startup_stm32f103rbtx.o
 .debug_info    0x00003d23      0x704 ./Drivers/STM32F1xx_HAL_Driver/Src/stm32f1xx_hal.o
 .debug_info    0x00004427      0xf13 ./Drivers/STM32F1xx_HAL_Driver/Src/stm32f1xx_hal_can.o
 .debug_info    0x0000533a      0xa87 ./Drivers/STM32F1xx_HAL_Driver/Src/stm32f1xx_hal_cortex.o
 .debug_info    0x00005dc1      0x5ab ./Drivers/STM32F1xx_HAL_Driver/Src/stm32f1xx_hal_gpio.o
 .debug_info    0x0000636c      0x7d5 ./Drivers/STM32F1xx_HAL_Driver/Src/stm32f1xx_hal_rcc.o
 .debug_info    0x00006b41     0x2959 ./Drivers/STM32F1xx_HAL_Driver/Src/stm32f1xx_hal_tim.o
 .debug_info    0x0000949a     0x149b ./Drivers/STM32F1xx_HAL_Driver/Src/stm32f1xx_hal_tim_ex.o
 .debug_info    0x0000a935      0x2aa ./ThirdParty/FreeRTOS/list.o
 .debug_info    0x0000abdf     0x129c ./ThirdParty/FreeRTOS/queue.o
 .debug_info    0x0000be7b     0x21cc ./ThirdParty/FreeRTOS/tasks.o
 .debug_info    0x0000e047      0x4b7 ./ThirdParty/FreeRTOS/portable/GCC/ARM_CM3/port.o
 .debug_info    0x0000e4fe      0x5ea ./ThirdParty/FreeRTOS/portable/MemMang/heap_4.o
 .debug_info    0x0000eae8      0x72e ./User/Src/can_handler.o
 .debug_info    0x0000f216      0x1c2 ./User/Src/guidance_task.o
 .debug_info    0x0000f3d8     0x1070 ./User/Src/sensor_task.o

.debug_abbrev   0x00000000     0x2cfe
 .debug_abbrev  0x00000000      0x3ba ./Core/Src/main.o
 .debug_abbrev  0x000003ba      0x245 ./Core/Src/stm32f1xx_hal_msp.o
 .debug_abbrev  0x000005ff      0x1f3 ./Core/Src/stm32f1xx_hal_timebase_tim.o
 .debug_abbrev  0x000007f2      0x1d8 ./Core/Src/stm32f1xx_it.o
 .debug_abbrev  0x000009ca      0x13f ./Core/Src/system_stm32f1xx.o
 .debug_abbrev  0x00000b09       0x24 ./Core/Startup/startup_stm32f103rbtx.o
 .debug_abbrev  0x00000b2d      0x201 ./Drivers/STM32F1xx_HAL_Driver/Src/stm32f1xx_hal.o
 .debug_abbrev  0x00000d2e      0x21c ./Drivers/STM32F1xx_HAL_Driver/Src/stm32f1xx_hal_can.o
 .debug_abbrev  0x00000f4a      0x2f8 ./Drivers/STM32F1xx_HAL_Driver/Src/stm32f1xx_hal_cortex.o
 .debug_abbrev  0x00001242      0x1ca ./Drivers/STM32F1xx_HAL_Driver/Src/stm32f1xx_hal_gpio.o
 .debug_abbrev  0x0000140c      0x2b3 ./Drivers/STM32F1xx_HAL_Driver/Src/stm32f1xx_hal_rcc.o
 .debug_abbrev  0x000016bf      0x277 ./Drivers/STM32F1xx_HAL_Driver/Src/stm32f1xx_hal_tim.o
 .debug_abbrev  0x00001936      0x282 ./Drivers/STM32F1xx_HAL_Driver/Src/stm32f1xx_hal_tim_ex.o
 .debug_abbrev  0x00001bb8       0xee ./ThirdParty/FreeRTOS/list.o
 .debug_abbrev  0x00001ca6      0x2b3 ./ThirdParty/FreeRTOS/queue.o
 .debug_abbrev  0x00001f59      0x37e ./ThirdParty/FreeRTOS/tasks.o
 .debug_abbrev  0x000022d7      0x243 ./ThirdParty/FreeRTOS/portable/GCC/ARM_CM3/port.o
 .debug_abbrev  0x0000251a      0x25a ./ThirdParty/FreeRTOS/portable/MemMang/heap_4.o
 .debug_abbrev  0x00002774      0x1a2 ./User/Src/can_handler.o
 .debug_abbrev  0x00002916       0xfd ./User/Src/guidance_task.o
 .debug_abbrev  0x00002a13      0x2eb ./User/Src/sensor_task.o

.debug_aranges  0x00000000      0xf28
 .debug_aranges
                0x00000000       0x68 ./Core/Src/main.o
 .debug_aranges
                0x00000068       0x48 ./Core/Src/stm32f1xx_hal_msp.o
 .debug_aranges
                0x000000b0       0x30 ./Core/Src/stm32f1xx_hal_timebase_tim.o
 .debug_aranges
                0x000000e0       0x60 ./Core/Src/stm32f1xx_it.o
 .debug_aranges
                0x00000140       0x28 ./Core/Src/system_stm32f1xx.o
 .debug_aranges
                0x00000168       0x28 ./Core/Startup/startup_stm32f103rbtx.o
 .debug_aranges
                0x00000190       0xe0 ./Drivers/STM32F1xx_HAL_Driver/Src/stm32f1xx_hal.o
 .debug_aranges
                0x00000270      0x138 ./Drivers/STM32F1xx_HAL_Driver/Src/stm32f1xx_hal_can.o
 .debug_aranges
                0x000003a8      0x100 ./Drivers/STM32F1xx_HAL_Driver/Src/stm32f1xx_hal_cortex.o
 .debug_aranges
                0x000004a8       0x58 ./Drivers/STM32F1xx_HAL_Driver/Src/stm32f1xx_hal_gpio.o
 .debug_aranges
                0x00000500       0x90 ./Drivers/STM32F1xx_HAL_Driver/Src/stm32f1xx_hal_rcc.o
 .debug_aranges
                0x00000590      0x3d0 ./Drivers/STM32F1xx_HAL_Driver/Src/stm32f1xx_hal_tim.o
 .debug_aranges
                0x00000960      0x168 ./Drivers/STM32F1xx_HAL_Driver/Src/stm32f1xx_hal_tim_ex.o
 .debug_aranges
                0x00000ac8       0x40 ./ThirdParty/FreeRTOS/list.o
 .debug_aranges
                0x00000b08       0xd8 ./ThirdParty/FreeRTOS/queue.o
 .debug_aranges
                0x00000be0      0x1c0 ./ThirdParty/FreeRTOS/tasks.o
 .debug_aranges
                0x00000da0       0x78 ./ThirdParty/FreeRTOS/portable/GCC/ARM_CM3/port.o
 .debug_aranges
                0x00000e18       0x70 ./ThirdParty/FreeRTOS/portable/MemMang/heap_4.o
 .debug_aranges
                0x00000e88       0x28 ./User/Src/can_handler.o
 .debug_aranges
                0x00000eb0       0x28 ./User/Src/guidance_task.o
 .debug_aranges
                0x00000ed8       0x50 ./User/Src/sensor_task.o

.debug_rnglists
                0x00000000      0xbaf
 .debug_rnglists
                0x00000000       0x4f ./Core/Src/main.o
 .debug_rnglists
                0x0000004f       0x34 ./Core/Src/stm32f1xx_hal_msp.o
 .debug_rnglists
                0x00000083       0x20 ./Core/Src/stm32f1xx_hal_timebase_tim.o
 .debug_rnglists
                0x000000a3       0x43 ./Core/Src/stm32f1xx_it.o
 .debug_rnglists
                0x000000e6       0x1a ./Core/Src/system_stm32f1xx.o
 .debug_rnglists
                0x00000100       0x19 ./Core/Startup/startup_stm32f103rbtx.o
 .debug_rnglists
                0x00000119       0xa3 ./Drivers/STM32F1xx_HAL_Driver/Src/stm32f1xx_hal.o
 .debug_rnglists
                0x000001bc       0xed ./Drivers/STM32F1xx_HAL_Driver/Src/stm32f1xx_hal_can.o
 .debug_rnglists
                0x000002a9       0xbb ./Drivers/STM32F1xx_HAL_Driver/Src/stm32f1xx_hal_cortex.o
 .debug_rnglists
                0x00000364       0x3f ./Drivers/STM32F1xx_HAL_Driver/Src/stm32f1xx_hal_gpio.o
 .debug_rnglists
                0x000003a3       0x6c ./Drivers/STM32F1xx_HAL_Driver/Src/stm32f1xx_hal_rcc.o
 .debug_rnglists
                0x0000040f      0x31a ./Drivers/STM32F1xx_HAL_Driver/Src/stm32f1xx_hal_tim.o
 .debug_rnglists
                0x00000729      0x125 ./Drivers/STM32F1xx_HAL_Driver/Src/stm32f1xx_hal_tim_ex.o
 .debug_rnglists
                0x0000084e       0x2b ./ThirdParty/FreeRTOS/list.o
 .debug_rnglists
                0x00000879       0xa9 ./ThirdParty/FreeRTOS/queue.o
 .debug_rnglists
                0x00000922      0x177 ./ThirdParty/FreeRTOS/tasks.o
 .debug_rnglists
                0x00000a99       0x57 ./ThirdParty/FreeRTOS/portable/GCC/ARM_CM3/port.o
 .debug_rnglists
                0x00000af0       0x54 ./ThirdParty/FreeRTOS/portable/MemMang/heap_4.o
 .debug_rnglists
                0x00000b44       0x19 ./User/Src/can_handler.o
 .debug_rnglists
                0x00000b5d       0x19 ./User/Src/guidance_task.o
 .debug_rnglists
                0x00000b76       0x39 ./User/Src/sensor_task.o

.debug_macro    0x00000000    0x198c2
 .debug_macro   0x00000000      0x25a ./Core/Src/main.o
 .debug_macro   0x0000025a      0xacc ./Core/Src/main.o
 .debug_macro   0x00000d26      0x21b ./Core/Src/main.o
 .debug_macro   0x00000f41       0x2e ./Core/Src/main.o
 .debug_macro   0x00000f6f       0x22 ./Core/Src/main.o
 .debug_macro   0x00000f91       0x22 ./Core/Src/main.o
 .debug_macro   0x00000fb3       0x8e ./Core/Src/main.o
 .debug_macro   0x00001041       0x51 ./Core/Src/main.o
 .debug_macro   0x00001092      0x103 ./Core/Src/main.o
 .debug_macro   0x00001195       0x6a ./Core/Src/main.o
 .debug_macro   0x000011ff      0x1df ./Core/Src/main.o
 .debug_macro   0x000013de       0x1c ./Core/Src/main.o
 .debug_macro   0x000013fa       0x22 ./Core/Src/main.o
 .debug_macro   0x0000141c       0xbd ./Core/Src/main.o
 .debug_macro   0x000014d9      0xd23 ./Core/Src/main.o
 .debug_macro   0x000021fc     0xe09e ./Core/Src/main.o
 .debug_macro   0x0001029a       0x6d ./Core/Src/main.o
 .debug_macro   0x00010307     0x34a2 ./Core/Src/main.o
 .debug_macro   0x000137a9      0x190 ./Core/Src/main.o
 .debug_macro   0x00013939       0x5c ./Core/Src/main.o
 .debug_macro   0x00013995      0x5bc ./Core/Src/main.o
 .debug_macro   0x00013f51      0x289 ./Core/Src/main.o
 .debug_macro   0x000141da      0x1cb ./Core/Src/main.o
 .debug_macro   0x000143a5      0x114 ./Core/Src/main.o
 .debug_macro   0x000144b9      0x1b2 ./Core/Src/main.o
 .debug_macro   0x0001466b       0x27 ./Core/Src/main.o
 .debug_macro   0x00014692      0x136 ./Core/Src/main.o
 .debug_macro   0x000147c8      0x1bc ./Core/Src/main.o
 .debug_macro   0x00014984       0x34 ./Core/Src/main.o
 .debug_macro   0x000149b8       0x3c ./Core/Src/main.o
 .debug_macro   0x000149f4      0x408 ./Core/Src/main.o
 .debug_macro   0x00014dfc       0x57 ./Core/Src/main.o
 .debug_macro   0x00014e53       0x87 ./Core/Src/main.o
 .debug_macro   0x00014eda      0x240 ./Core/Src/main.o
 .debug_macro   0x0001511a      0x140 ./Core/Src/main.o
 .debug_macro   0x0001525a      0x8ed ./Core/Src/main.o
 .debug_macro   0x00015b47       0x83 ./Core/Src/main.o
 .debug_macro   0x00015bca       0x58 ./Core/Src/main.o
 .debug_macro   0x00015c22       0x16 ./Core/Src/main.o
 .debug_macro   0x00015c38       0xd0 ./Core/Src/main.o
 .debug_macro   0x00015d08       0x28 ./Core/Src/main.o
 .debug_macro   0x00015d30      0x182 ./Core/Src/main.o
 .debug_macro   0x00015eb2       0xee ./Core/Src/main.o
 .debug_macro   0x00015fa0       0x3a ./Core/Src/main.o
 .debug_macro   0x00015fda       0x1f ./Core/Src/main.o
 .debug_macro   0x00015ff9       0x12 ./Core/Src/main.o
 .debug_macro   0x0001600b     0x112f ./Core/Src/main.o
 .debug_macro   0x0001713a       0xc3 ./Core/Src/main.o
 .debug_macro   0x000171fd      0x161 ./Core/Src/main.o
 .debug_macro   0x0001735e       0x80 ./Core/Src/main.o
 .debug_macro   0x000173de       0x16 ./Core/Src/main.o
 .debug_macro   0x000173f4       0x2e ./Core/Src/main.o
 .debug_macro   0x00017422      0x1b2 ./Core/Src/stm32f1xx_hal_msp.o
 .debug_macro   0x000175d4      0x1a3 ./Core/Src/stm32f1xx_hal_timebase_tim.o
 .debug_macro   0x00017777      0x1bc ./Core/Src/stm32f1xx_it.o
 .debug_macro   0x00017933      0x1a3 ./Core/Src/system_stm32f1xx.o
 .debug_macro   0x00017ad6      0x1c7 ./Drivers/STM32F1xx_HAL_Driver/Src/stm32f1xx_hal.o
 .debug_macro   0x00017c9d      0x1b2 ./Drivers/STM32F1xx_HAL_Driver/Src/stm32f1xx_hal_can.o
 .debug_macro   0x00017e4f      0x1a3 ./Drivers/STM32F1xx_HAL_Driver/Src/stm32f1xx_hal_cortex.o
 .debug_macro   0x00017ff2      0x20e ./Drivers/STM32F1xx_HAL_Driver/Src/stm32f1xx_hal_gpio.o
 .debug_macro   0x00018200      0x1b5 ./Drivers/STM32F1xx_HAL_Driver/Src/stm32f1xx_hal_rcc.o
 .debug_macro   0x000183b5      0x1a4 ./Drivers/STM32F1xx_HAL_Driver/Src/stm32f1xx_hal_tim.o
 .debug_macro   0x00018559      0x1a3 ./Drivers/STM32F1xx_HAL_Driver/Src/stm32f1xx_hal_tim_ex.o
 .debug_macro   0x000186fc      0x1a2 ./ThirdParty/FreeRTOS/list.o
 .debug_macro   0x0001889e      0x239 ./ThirdParty/FreeRTOS/queue.o
 .debug_macro   0x00018ad7       0x16 ./ThirdParty/FreeRTOS/queue.o
 .debug_macro   0x00018aed       0x20 ./ThirdParty/FreeRTOS/queue.o
 .debug_macro   0x00018b0d      0x2c6 ./ThirdParty/FreeRTOS/tasks.o
 .debug_macro   0x00018dd3       0x17 ./ThirdParty/FreeRTOS/tasks.o
 .debug_macro   0x00018dea      0x1ab ./ThirdParty/FreeRTOS/portable/GCC/ARM_CM3/port.o
 .debug_macro   0x00018f95      0x237 ./ThirdParty/FreeRTOS/portable/MemMang/heap_4.o
 .debug_macro   0x000191cc      0x247 ./User/Src/can_handler.o
 .debug_macro   0x00019413      0x255 ./User/Src/guidance_task.o
 .debug_macro   0x00019668      0x25a ./User/Src/sensor_task.o

.debug_line     0x00000000    0x11f0b
 .debug_line    0x00000000      0xc68 ./Core/Src/main.o
 .debug_line    0x00000c68      0x825 ./Core/Src/stm32f1xx_hal_msp.o
 .debug_line    0x0000148d      0x77a ./Core/Src/stm32f1xx_hal_timebase_tim.o
 .debug_line    0x00001c07      0x7b4 ./Core/Src/stm32f1xx_it.o
 .debug_line    0x000023bb      0x77a ./Core/Src/system_stm32f1xx.o
 .debug_line    0x00002b35       0x78 ./Core/Startup/startup_stm32f103rbtx.o
 .debug_line    0x00002bad      0x9ab ./Drivers/STM32F1xx_HAL_Driver/Src/stm32f1xx_hal.o
 .debug_line    0x00003558     0x11a4 ./Drivers/STM32F1xx_HAL_Driver/Src/stm32f1xx_hal_can.o
 .debug_line    0x000046fc      0xb75 ./Drivers/STM32F1xx_HAL_Driver/Src/stm32f1xx_hal_cortex.o
 .debug_line    0x00005271      0xa08 ./Drivers/STM32F1xx_HAL_Driver/Src/stm32f1xx_hal_gpio.o
 .debug_line    0x00005c79      0xe64 ./Drivers/STM32F1xx_HAL_Driver/Src/stm32f1xx_hal_rcc.o
 .debug_line    0x00006add     0x3499 ./Drivers/STM32F1xx_HAL_Driver/Src/stm32f1xx_hal_tim.o
 .debug_line    0x00009f76     0x186f ./Drivers/STM32F1xx_HAL_Driver/Src/stm32f1xx_hal_tim_ex.o
 .debug_line    0x0000b7e5      0x7ec ./ThirdParty/FreeRTOS/list.o
 .debug_line    0x0000bfd1     0x12e4 ./ThirdParty/FreeRTOS/queue.o
 .debug_line    0x0000d2b5     0x1bee ./ThirdParty/FreeRTOS/tasks.o
 .debug_line    0x0000eea3      0x870 ./ThirdParty/FreeRTOS/portable/GCC/ARM_CM3/port.o
 .debug_line    0x0000f713      0xb8d ./ThirdParty/FreeRTOS/portable/MemMang/heap_4.o
 .debug_line    0x000102a0      0x8f7 ./User/Src/can_handler.o
 .debug_line    0x00010b97      0x905 ./User/Src/guidance_task.o
 .debug_line    0x0001149c      0xa6f ./User/Src/sensor_task.o

.debug_str      0x00000000    0x98f1b
 .debug_str     0x00000000    0x98f1b ./Core/Src/main.o
                              0x90162 (size before relaxing)
 .debug_str     0x00098f1b    0x84905 ./Core/Src/stm32f1xx_hal_msp.o
 .debug_str     0x00098f1b    0x845a3 ./Core/Src/stm32f1xx_hal_timebase_tim.o
 .debug_str     0x00098f1b    0x84549 ./Core/Src/stm32f1xx_it.o
 .debug_str     0x00098f1b    0x83cdb ./Core/Src/system_stm32f1xx.o
 .debug_str     0x00098f1b       0x78 ./Core/Startup/startup_stm32f103rbtx.o
 .debug_str     0x00098f1b    0x8440e ./Drivers/STM32F1xx_HAL_Driver/Src/stm32f1xx_hal.o
 .debug_str     0x00098f1b    0x844e3 ./Drivers/STM32F1xx_HAL_Driver/Src/stm32f1xx_hal_can.o
 .debug_str     0x00098f1b    0x8435a ./Drivers/STM32F1xx_HAL_Driver/Src/stm32f1xx_hal_cortex.o
 .debug_str     0x00098f1b    0x84061 ./Drivers/STM32F1xx_HAL_Driver/Src/stm32f1xx_hal_gpio.o
 .debug_str     0x00098f1b    0x8410a ./Drivers/STM32F1xx_HAL_Driver/Src/stm32f1xx_hal_rcc.o
 .debug_str     0x00098f1b    0x8510c ./Drivers/STM32F1xx_HAL_Driver/Src/stm32f1xx_hal_tim.o
 .debug_str     0x00098f1b    0x84918 ./Drivers/STM32F1xx_HAL_Driver/Src/stm32f1xx_hal_tim_ex.o
 .debug_str     0x00098f1b    0x10b78 ./ThirdParty/FreeRTOS/list.o
 .debug_str     0x00098f1b    0x1322a ./ThirdParty/FreeRTOS/queue.o
 .debug_str     0x00098f1b    0x14149 ./ThirdParty/FreeRTOS/tasks.o
 .debug_str     0x00098f1b     0xf56f ./ThirdParty/FreeRTOS/portable/GCC/ARM_CM3/port.o
 .debug_str     0x00098f1b    0x1277e ./ThirdParty/FreeRTOS/portable/MemMang/heap_4.o
 .debug_str     0x00098f1b    0x8f4aa ./User/Src/can_handler.o
 .debug_str     0x00098f1b    0x8f128 ./User/Src/guidance_task.o
 .debug_str     0x00098f1b    0x8fcb6 ./User/Src/sensor_task.o

.comment        0x00000000       0x43
 .comment       0x00000000       0x43 ./Core/Src/main.o
                                 0x44 (size before relaxing)
 .comment       0x00000043       0x44 ./Core/Src/stm32f1xx_hal_msp.o
 .comment       0x00000043       0x44 ./Core/Src/stm32f1xx_hal_timebase_tim.o
 .comment       0x00000043       0x44 ./Core/Src/stm32f1xx_it.o
 .comment       0x00000043       0x44 ./Core/Src/system_stm32f1xx.o
 .comment       0x00000043       0x44 ./Drivers/STM32F1xx_HAL_Driver/Src/stm32f1xx_hal.o
 .comment       0x00000043       0x44 ./Drivers/STM32F1xx_HAL_Driver/Src/stm32f1xx_hal_can.o
 .comment       0x00000043       0x44 ./Drivers/STM32F1xx_HAL_Driver/Src/stm32f1xx_hal_cortex.o
 .comment       0x00000043       0x44 ./Drivers/STM32F1xx_HAL_Driver/Src/stm32f1xx_hal_gpio.o
 .comment       0x00000043       0x44 ./Drivers/STM32F1xx_HAL_Driver/Src/stm32f1xx_hal_rcc.o
 .comment       0x00000043       0x44 ./Drivers/STM32F1xx_HAL_Driver/Src/stm32f1xx_hal_tim.o
 .comment       0x00000043       0x44 ./Drivers/STM32F1xx_HAL_Driver/Src/stm32f1xx_hal_tim_ex.o
 .comment       0x00000043       0x44 ./ThirdParty/FreeRTOS/list.o
 .comment       0x00000043       0x44 ./ThirdParty/FreeRTOS/queue.o
 .comment       0x00000043       0x44 ./ThirdParty/FreeRTOS/tasks.o
 .comment       0x00000043       0x44 ./ThirdParty/FreeRTOS/portable/GCC/ARM_CM3/port.o
 .comment       0x00000043       0x44 ./ThirdParty/FreeRTOS/portable/MemMang/heap_4.o
 .comment       0x00000043       0x44 ./User/Src/can_handler.o
 .comment       0x00000043       0x44 ./User/Src/guidance_task.o
 .comment       0x00000043       0x44 ./User/Src/sensor_task.o

.debug_frame    0x00000000     0x3dcc
 .debug_frame   0x00000000      0x160 ./Core/Src/main.o
 .debug_frame   0x00000160       0xe8 ./Core/Src/stm32f1xx_hal_msp.o
 .debug_frame   0x00000248       0x74 ./Core/Src/stm32f1xx_hal_timebase_tim.o
 .debug_frame   0x000002bc       0xfc ./Core/Src/stm32f1xx_it.o
 .debug_frame   0x000003b8       0x58 ./Core/Src/system_stm32f1xx.o
 .debug_frame   0x00000410      0x334 ./Drivers/STM32F1xx_HAL_Driver/Src/stm32f1xx_hal.o
 .debug_frame   0x00000744      0x5a0 ./Drivers/STM32F1xx_HAL_Driver/Src/stm32f1xx_hal_can.o
 .debug_frame   0x00000ce4      0x428 ./Drivers/STM32F1xx_HAL_Driver/Src/stm32f1xx_hal_cortex.o
 .debug_frame   0x0000110c      0x14c ./Drivers/STM32F1xx_HAL_Driver/Src/stm32f1xx_hal_gpio.o
 .debug_frame   0x00001258      0x218 ./Drivers/STM32F1xx_HAL_Driver/Src/stm32f1xx_hal_rcc.o
 .debug_frame   0x00001470     0x11b8 ./Drivers/STM32F1xx_HAL_Driver/Src/stm32f1xx_hal_tim.o
 .debug_frame   0x00002628      0x638 ./Drivers/STM32F1xx_HAL_Driver/Src/stm32f1xx_hal_tim_ex.o
 .debug_frame   0x00002c60       0xd8 ./ThirdParty/FreeRTOS/list.o
 .debug_frame   0x00002d38      0x388 ./ThirdParty/FreeRTOS/queue.o
 .debug_frame   0x000030c0      0x7ac ./ThirdParty/FreeRTOS/tasks.o
 .debug_frame   0x0000386c      0x198 ./ThirdParty/FreeRTOS/portable/GCC/ARM_CM3/port.o
 .debug_frame   0x00003a04      0x194 ./ThirdParty/FreeRTOS/portable/MemMang/heap_4.o
 .debug_frame   0x00003b98       0x58 ./User/Src/can_handler.o
 .debug_frame   0x00003bf0       0x58 ./User/Src/guidance_task.o
 .debug_frame   0x00003c48      0x110 ./User/Src/sensor_task.o
 .debug_frame   0x00003d58       0x20 C:/ST/STM32CubeIDE_1.18.0/STM32CubeIDE/plugins/com.st.stm32cube.ide.mcu.externaltools.gnu-tools-for-stm32.13.3.rel1.win32_1.0.0.202411081344/tools/bin/../lib/gcc/arm-none-eabi/13.3.1/../../../../arm-none-eabi/lib/thumb/v7-m/nofp\libc_nano.a(libc_a-memset.o)
 .debug_frame   0x00003d78       0x2c C:/ST/STM32CubeIDE_1.18.0/STM32CubeIDE/plugins/com.st.stm32cube.ide.mcu.externaltools.gnu-tools-for-stm32.13.3.rel1.win32_1.0.0.202411081344/tools/bin/../lib/gcc/arm-none-eabi/13.3.1/../../../../arm-none-eabi/lib/thumb/v7-m/nofp\libc_nano.a(libc_a-init.o)
 .debug_frame   0x00003da4       0x28 C:/ST/STM32CubeIDE_1.18.0/STM32CubeIDE/plugins/com.st.stm32cube.ide.mcu.externaltools.gnu-tools-for-stm32.13.3.rel1.win32_1.0.0.202411081344/tools/bin/../lib/gcc/arm-none-eabi/13.3.1/../../../../arm-none-eabi/lib/thumb/v7-m/nofp\libc_nano.a(libc_a-memcpy-stub.o)

.debug_line_str
                0x00000000       0x5c
 .debug_line_str
                0x00000000       0x5c ./Core/Startup/startup_stm32f103rbtx.o
