../Core/Src/main.c:84:5:main	32	static,ignoring_inline_asm
../Core/Src/main.c:154:6:SystemClock_Config	72	static
../Core/Src/main.c:193:13:MX_CAN_Init	8	static
../Core/Src/main.c:230:13:MX_TIM1_Init	96	static
../Core/Src/main.c:305:13:MX_TIM3_Init	64	static
../Core/Src/main.c:364:13:MX_TIM4_Init	72	static
../Core/Src/main.c:438:13:MX_GPIO_Init	40	static
../Core/Src/main.c:483:19:HAL_FilterConfiguration	48	static
../Core/Src/main.c:516:6:HAL_TIM_PeriodElapsedCallback	16	static
../Core/Src/main.c:534:6:Error_Handler	4	static,ignoring_inline_asm
