../Core/Src/main.c:84:5:__io_putchar	16	static
../Core/Src/main.c:97:5:main	32	static,ignoring_inline_asm
../Core/Src/main.c:173:6:SystemClock_Config	72	static
../Core/Src/main.c:212:13:MX_CAN_Init	8	static
../Core/Src/main.c:249:13:MX_TIM1_Init	96	static
../Core/Src/main.c:324:13:MX_TIM3_Init	64	static
../Core/Src/main.c:383:13:MX_TIM4_Init	72	static
../Core/Src/main.c:457:13:MX_USART2_UART_Init	8	static
../Core/Src/main.c:490:13:MX_GPIO_Init	40	static
../Core/Src/main.c:529:19:HAL_FilterConfiguration	48	static
../Core/Src/main.c:562:6:HAL_TIM_PeriodElapsedCallback	16	static
../Core/Src/main.c:580:6:Error_Handler	4	static,ignoring_inline_asm
